Archive member included because of file (symbol)

c:/program files (x86)/atmel/studio/7.0/toolchain/avr32/avr32-gnu-toolchain/bin/../lib/gcc/avr32/4.4.7/ucr3fp\libgcc.a(_avr32_f64_mul.o)
                              src/ASF/thirdparty/freertos/demo/common/minimal/flop.o (__avr32_f64_mul)
c:/program files (x86)/atmel/studio/7.0/toolchain/avr32/avr32-gnu-toolchain/bin/../lib/gcc/avr32/4.4.7/ucr3fp\libgcc.a(_avr32_f64_addsub.o)
                              src/ASF/thirdparty/freertos/demo/common/minimal/flop.o (__avr32_f64_sub)
c:/program files (x86)/atmel/studio/7.0/toolchain/avr32/avr32-gnu-toolchain/bin/../lib/gcc/avr32/4.4.7/ucr3fp\libgcc.a(_avr32_s32_to_f64.o)
                              src/ASF/thirdparty/freertos/demo/common/minimal/flop.o (__avr32_u32_to_f64)
c:/program files (x86)/atmel/studio/7.0/toolchain/avr32/avr32-gnu-toolchain/bin/../lib/gcc/avr32/4.4.7/ucr3fp\libgcc.a(_avr32_f64_cmp_lt.o)
                              src/ASF/thirdparty/freertos/demo/common/minimal/flop.o (__avr32_f64_cmp_lt)
c:/program files (x86)/atmel/studio/7.0/toolchain/avr32/avr32-gnu-toolchain/bin/../lib/gcc/avr32/4.4.7/ucr3fp\libgcc.a(_avr32_f64_div.o)
                              src/ASF/thirdparty/freertos/demo/common/minimal/flop.o (__avr32_f64_div)
c:/program files (x86)/atmel/studio/7.0/toolchain/avr32/avr32-gnu-toolchain/bin/../lib/gcc/avr32/4.4.7/../../../../avr32/lib/ucr3fp\libc.a(lib_a-atexit.o)
                              c:/program files (x86)/atmel/studio/7.0/toolchain/avr32/avr32-gnu-toolchain/bin/../lib/gcc/avr32/4.4.7/../../../../avr32/lib/ucr3fp/crt0.o (atexit)
c:/program files (x86)/atmel/studio/7.0/toolchain/avr32/avr32-gnu-toolchain/bin/../lib/gcc/avr32/4.4.7/../../../../avr32/lib/ucr3fp\libc.a(lib_a-exit.o)
                              c:/program files (x86)/atmel/studio/7.0/toolchain/avr32/avr32-gnu-toolchain/bin/../lib/gcc/avr32/4.4.7/../../../../avr32/lib/ucr3fp/crt0.o (exit)
c:/program files (x86)/atmel/studio/7.0/toolchain/avr32/avr32-gnu-toolchain/bin/../lib/gcc/avr32/4.4.7/../../../../avr32/lib/ucr3fp\libc.a(lib_a-impure.o)
                              c:/program files (x86)/atmel/studio/7.0/toolchain/avr32/avr32-gnu-toolchain/bin/../lib/gcc/avr32/4.4.7/../../../../avr32/lib/ucr3fp\libc.a(lib_a-exit.o) (_global_impure_ptr)
c:/program files (x86)/atmel/studio/7.0/toolchain/avr32/avr32-gnu-toolchain/bin/../lib/gcc/avr32/4.4.7/../../../../avr32/lib/ucr3fp\libc.a(lib_a-malloc.o)
                              src/ASF/thirdparty/freertos/freertos-7.0.0/source/portable/memmang/heap_3.o (free)
c:/program files (x86)/atmel/studio/7.0/toolchain/avr32/avr32-gnu-toolchain/bin/../lib/gcc/avr32/4.4.7/../../../../avr32/lib/ucr3fp\libc.a(lib_a-mallocr.o)
                              c:/program files (x86)/atmel/studio/7.0/toolchain/avr32/avr32-gnu-toolchain/bin/../lib/gcc/avr32/4.4.7/../../../../avr32/lib/ucr3fp\libc.a(lib_a-malloc.o) (_malloc_r)
c:/program files (x86)/atmel/studio/7.0/toolchain/avr32/avr32-gnu-toolchain/bin/../lib/gcc/avr32/4.4.7/../../../../avr32/lib/ucr3fp\libc.a(lib_a-memcpy.o)
                              src/ASF/avr32/drivers/flashc/flashc.o (memcpy)
c:/program files (x86)/atmel/studio/7.0/toolchain/avr32/avr32-gnu-toolchain/bin/../lib/gcc/avr32/4.4.7/../../../../avr32/lib/ucr3fp\libc.a(lib_a-memset.o)
                              src/ASF/thirdparty/freertos/demo/avr32_uc3_example/main.o (memset)
c:/program files (x86)/atmel/studio/7.0/toolchain/avr32/avr32-gnu-toolchain/bin/../lib/gcc/avr32/4.4.7/../../../../avr32/lib/ucr3fp\libc.a(lib_a-realloc.o)
                              src/ASF/thirdparty/freertos/freertos-7.0.0/source/portable/gcc/avr32_uc3/port.o (realloc)
c:/program files (x86)/atmel/studio/7.0/toolchain/avr32/avr32-gnu-toolchain/bin/../lib/gcc/avr32/4.4.7/../../../../avr32/lib/ucr3fp\libc.a(lib_a-reallocr.o)
                              c:/program files (x86)/atmel/studio/7.0/toolchain/avr32/avr32-gnu-toolchain/bin/../lib/gcc/avr32/4.4.7/../../../../avr32/lib/ucr3fp\libc.a(lib_a-realloc.o) (_realloc_r)
c:/program files (x86)/atmel/studio/7.0/toolchain/avr32/avr32-gnu-toolchain/bin/../lib/gcc/avr32/4.4.7/../../../../avr32/lib/ucr3fp\libc.a(lib_a-sbrkr.o)
                              c:/program files (x86)/atmel/studio/7.0/toolchain/avr32/avr32-gnu-toolchain/bin/../lib/gcc/avr32/4.4.7/../../../../avr32/lib/ucr3fp\libc.a(lib_a-mallocr.o) (_sbrk_r)
c:/program files (x86)/atmel/studio/7.0/toolchain/avr32/avr32-gnu-toolchain/bin/../lib/gcc/avr32/4.4.7/../../../../avr32/lib/ucr3fp\libc.a(lib_a-strncpy.o)
                              src/ASF/thirdparty/freertos/freertos-7.0.0/source/tasks.o (strncpy)
c:/program files (x86)/atmel/studio/7.0/toolchain/avr32/avr32-gnu-toolchain/bin/../lib/gcc/avr32/4.4.7/../../../../avr32/lib/ucr3fp\libc.a(lib_a-syscalls.o)
[...]
Memory Configuration

Name             Origin             Length             Attributes
FLASH            0x80000000         0x00080000         axrl !w
INTRAM           0x00000004         0x0000fffc         axw !rl
HRAM0            0xa0000000         0x00001000         axw !rl
USERPAGE_RESERVED 0x80800000         0x00000004         r
USERPAGE         0x80800004         0x000001fc
*default*        0x00000000         0xffffffff

Linker script and memory map

                0x00001000                _stack_size = 0x1000
LOAD c:/program files (x86)/atmel/studio/7.0/toolchain/avr32/avr32-gnu-toolchain/bin/../lib/gcc/avr32/4.4.7/../../../../avr32/lib/ucr3fp/crt0.o
LOAD c:/program files (x86)/atmel/studio/7.0/toolchain/avr32/avr32-gnu-toolchain/bin/../lib/gcc/avr32/4.4.7/ucr3fp/crti.o
LOAD c:/program files (x86)/atmel/studio/7.0/toolchain/avr32/avr32-gnu-toolchain/bin/../lib/gcc/avr32/4.4.7/ucr3fp/crtbegin.o
LOAD src/ASF/avr32/boards/uc3c_ek/led.o
LOAD src/ASF/avr32/drivers/flashc/flashc.o
LOAD src/ASF/avr32/drivers/gpio/gpio.o
LOAD src/ASF/avr32/drivers/intc/intc.o
LOAD src/ASF/avr32/drivers/pm/pm_uc3c.o
LOAD src/ASF/avr32/drivers/pm/power_clocks_lib.o
LOAD src/ASF/avr32/drivers/scif/scif_uc3c.o
LOAD src/ASF/avr32/drivers/tc/tc.o
LOAD src/ASF/avr32/drivers/usart/usart.o
LOAD src/ASF/avr32/utils/startup/trampoline_uc3.o
LOAD src/ASF/thirdparty/freertos/demo/avr32_uc3_example/main.o
LOAD src/ASF/thirdparty/freertos/demo/avr32_uc3_example/partest/ParTest.o
LOAD src/ASF/thirdparty/freertos/demo/avr32_uc3_example/serial/serial.o
LOAD src/ASF/thirdparty/freertos/demo/common/minimal/AltBlckQ.o
LOAD src/ASF/thirdparty/freertos/demo/common/minimal/AltBlock.o
LOAD src/ASF/thirdparty/freertos/demo/common/minimal/AltPollQ.o
LOAD src/ASF/thirdparty/freertos/demo/common/minimal/AltQTest.o
LOAD src/ASF/thirdparty/freertos/demo/common/minimal/BlockQ.o
LOAD src/ASF/thirdparty/freertos/demo/common/minimal/blocktim.o
LOAD src/ASF/thirdparty/freertos/demo/common/minimal/comtest.o
LOAD src/ASF/thirdparty/freertos/demo/common/minimal/countsem.o
LOAD src/ASF/thirdparty/freertos/demo/common/minimal/crflash.o
LOAD src/ASF/thirdparty/freertos/demo/common/minimal/crhook.o
LOAD src/ASF/thirdparty/freertos/demo/common/minimal/death.o
LOAD src/ASF/thirdparty/freertos/demo/common/minimal/dynamic.o
LOAD src/ASF/thirdparty/freertos/demo/common/minimal/flash.o
LOAD src/ASF/thirdparty/freertos/demo/common/minimal/flop.o
LOAD src/ASF/thirdparty/freertos/demo/common/minimal/GenQTest.o
LOAD src/ASF/thirdparty/freertos/demo/common/minimal/integer.o
LOAD src/ASF/thirdparty/freertos/demo/common/minimal/PollQ.o
LOAD src/ASF/thirdparty/freertos/demo/common/minimal/QPeek.o
LOAD src/ASF/thirdparty/freertos/demo/common/minimal/recmutex.o
LOAD src/ASF/thirdparty/freertos/demo/common/minimal/semtest.o
LOAD src/ASF/thirdparty/freertos/freertos-7.0.0/source/croutine.o
LOAD src/ASF/thirdparty/freertos/freertos-7.0.0/source/list.o
LOAD src/ASF/thirdparty/freertos/freertos-7.0.0/source/portable/gcc/avr32_uc3/exception.o
LOAD src/ASF/thirdparty/freertos/freertos-7.0.0/source/portable/gcc/avr32_uc3/port.o
LOAD src/ASF/thirdparty/freertos/freertos-7.0.0/source/portable/gcc/avr32_uc3/read.o
LOAD src/ASF/thirdparty/freertos/freertos-7.0.0/source/portable/gcc/avr32_uc3/write.o
LOAD src/ASF/thirdparty/freertos/freertos-7.0.0/source/portable/memmang/heap_3.o
LOAD src/ASF/thirdparty/freertos/freertos-7.0.0/source/queue.o
LOAD src/ASF/thirdparty/freertos/freertos-7.0.0/source/tasks.o
LOAD src/ASF/thirdparty/freertos/freertos-7.0.0/source/timers.o
START GROUP
LOAD c:/program files (x86)/atmel/studio/7.0/toolchain/avr32/avr32-gnu-toolchain/bin/../lib/gcc/avr32/4.4.7/../../../../avr32/lib/ucr3fp\libm.a
END GROUP
LOAD c:/program files (x86)/atmel/studio/7.0/toolchain/avr32/avr32-gnu-toolchain/bin/../lib/gcc/avr32/4.4.7/ucr3fp\libgcc.a
LOAD c:/program files (x86)/atmel/studio/7.0/toolchain/avr32/avr32-gnu-toolchain/bin/../lib/gcc/avr32/4.4.7/../../../../avr32/lib/ucr3fp\libc.a
LOAD c:/program files (x86)/atmel/studio/7.0/toolchain/avr32/avr32-gnu-toolchain/bin/../lib/gcc/avr32/4.4.7/ucr3fp\libgcc.a
LOAD c:/program files (x86)/atmel/studio/7.0/toolchain/avr32/avr32-gnu-toolchain/bin/../lib/gcc/avr32/4.4.7/ucr3fp/crtend.o
LOAD c:/program files (x86)/atmel/studio/7.0/toolchain/avr32/avr32-gnu-toolchain/bin/../lib/gcc/avr32/4.4.7/ucr3fp/crtn.o
                0xffffffff                __max_heap_size__ = 0xffffffff
                [0xffffffff]                __heap_size__ = DEFINED (__heap_size__)?__heap_size__:__max_heap_size__
                [0x00001000]                __stack_size__ = DEFINED (__stack_size__)?__stack_size__:0x1000
                0x80000000                PROVIDE (__executable_start, 0x80000000)
                0x80000000                . = 0x80000000

.interp
 *(.interp)

.reset          0x80000000     0x200c
 *(.reset)
 .reset         0x80000000        0x8 c:/program files (x86)/atmel/studio/7.0/toolchain/avr32/avr32-gnu-toolchain/bin/../lib/gcc/avr32/4.4.7/../../../../avr32/lib/ucr3fp/crt0.o
                0x80000000                _start
 .reset         0x80000008     0x2004 src/ASF/avr32/utils/startup/trampoline_uc3.o
                               0x2008 (size before relaxing)
                0x80000008                _trampoline

.hash
 *(.hash)

.dynsym
 *(.dynsym)

.dynstr
 *(.dynstr)

.gnu.version
 *(.gnu.version)

.gnu.version_d
 *(.gnu.version_d)

.gnu.version_r
 *(.gnu.version_r)

.rel.init
 *(.rel.init)

.rela.init
 *(.rela.init)

.rel.text
 *(.rel.text .rel.text.* .rel.gnu.linkonce.t.*)

.rela.text
 *(.rela.text .rela.text.* .rela.gnu.linkonce.t.*)

.rel.fini
 *(.rel.fini)

.rela.fini
 *(.rela.fini)

.rel.rodata
 *(.rel.rodata .rel.rodata.* .rel.gnu.linkonce.r.*)

.rela.rodata
 *(.rela.rodata .rela.rodata.* .rela.gnu.linkonce.r.*)

.rel.data.rel.ro
 *(.rel.data.rel.ro*)

.rela.data.rel.ro
 *(.rel.data.rel.ro*)

.rel.data
 *(.rel.data .rel.data.* .rel.gnu.linkonce.d.*)

.rela.data
 *(.rela.data .rela.data.* .rela.gnu.linkonce.d.*)

.rel.tdata
 *(.rel.tdata .rel.tdata.* .rel.gnu.linkonce.td.*)

.rela.tdata
 *(.rela.tdata .rela.tdata.* .rela.gnu.linkonce.td.*)

.rel.tbss
 *(.rel.tbss .rel.tbss.* .rel.gnu.linkonce.tb.*)

.rela.tbss
 *(.rela.tbss .rela.tbss.* .rela.gnu.linkonce.tb.*)

.rel.ctors
 *(.rel.ctors)

.rela.ctors
 *(.rela.ctors)

.rel.dtors
 *(.rel.dtors)

.rela.dtors
 *(.rela.dtors)

.rel.got
 *(.rel.got)

.rela.got       0x8000200c        0x0
 *(.rela.got)
 .rela.got      0x8000200c        0x0 c:/program files (x86)/atmel/studio/7.0/toolchain/avr32/avr32-gnu-toolchain/bin/../lib/gcc/avr32/4.4.7/../../../../avr32/lib/ucr3fp/crt0.o

.rel.bss
 *(.rel.bss .rel.bss.* .rel.gnu.linkonce.b.*)

.rela.bss
 *(.rela.bss .rela.bss.* .rela.gnu.linkonce.b.*)

.rel.plt
 *(.rel.plt)

.rela.plt
 *(.rela.plt)

.init           0x8000200c       0x1a
 *(.init)
 .init          0x8000200c       0x10 c:/program files (x86)/atmel/studio/7.0/toolchain/avr32/avr32-gnu-toolchain/bin/../lib/gcc/avr32/4.4.7/ucr3fp/crti.o
                0x8000200c                _init
 .init          0x8000201c        0x2 c:/program files (x86)/atmel/studio/7.0/toolchain/avr32/avr32-gnu-toolchain/bin/../lib/gcc/avr32/4.4.7/ucr3fp/crtbegin.o
                                  0x4 (size before relaxing)
 .init          0x8000201e        0x4 c:/program files (x86)/atmel/studio/7.0/toolchain/avr32/avr32-gnu-toolchain/bin/../lib/gcc/avr32/4.4.7/ucr3fp/crtend.o
 .init          0x80002022        0x4 c:/program files (x86)/atmel/studio/7.0/toolchain/avr32/avr32-gnu-toolchain/bin/../lib/gcc/avr32/4.4.7/ucr3fp/crtn.o

.plt
 *(.plt)

.text           0x80002028     0x43c8
 *(.text .stub .text.* .gnu.linkonce.t.*)
 .text          0x80002028       0x60 c:/program files (x86)/atmel/studio/7.0/toolchain/avr32/avr32-gnu-toolchain/bin/../lib/gcc/avr32/4.4.7/../../../../avr32/lib/ucr3fp/crt0.o
                                 0x84 (size before relaxing)
                0x80002028                _stext
 .text          0x80002088       0x54 c:/program files (x86)/atmel/studio/7.0/toolchain/avr32/avr32-gnu-toolchain/bin/../lib/gcc/avr32/4.4.7/ucr3fp/crtbegin.o
                                 0x64 (size before relaxing)
 .text.LED_Display
                0x800020dc       0x54 src/ASF/avr32/boards/uc3c_ek/led.o
                0x800020dc                LED_Display
 .text.flashc_set_wait_state
                0x80002130        0xe src/ASF/avr32/drivers/flashc/flashc.o
                0x80002130                flashc_set_wait_state
 .text.flashc_is_ready
                0x8000213e        0xc src/ASF/avr32/drivers/flashc/flashc.o
                0x8000213e                flashc_is_ready
 *fill*         0x8000214a        0x2 d703d703
 .text.flashc_default_wait_until_ready
                0x8000214c       0x10 src/ASF/avr32/drivers/flashc/flashc.o
                0x8000214c                flashc_default_wait_until_ready
 .text.flashc_issue_command
                0x8000215c       0x48 src/ASF/avr32/drivers/flashc/flashc.o
                0x8000215c                flashc_issue_command
 .text.flashc_set_flash_waitstate_and_readmode
                0x800021a4       0x5c src/ASF/avr32/drivers/flashc/flashc.o
                0x800021a4                flashc_set_flash_waitstate_and_readmode
 .text.gpio_enable_module_pin
                0x80002200       0x94 src/ASF/avr32/drivers/gpio/gpio.o
                0x80002200                gpio_enable_module_pin
 .text.gpio_enable_module
                0x80002294       0x30 src/ASF/avr32/drivers/gpio/gpio.o
                0x80002294                gpio_enable_module
 .text._unhandled_interrupt
                0x800022c4        0x2 src/ASF/avr32/drivers/intc/intc.o
 *fill*         0x800022c6        0x2 d703d703
 .text.INTC_register_interrupt
                0x800022c8       0x80 src/ASF/avr32/drivers/intc/intc.o
                0x800022c8                INTC_register_interrupt
 .text.INTC_init_interrupts
                0x80002348       0x54 src/ASF/avr32/drivers/intc/intc.o
                0x80002348                INTC_init_interrupts
 .text._get_interrupt_handler
                0x8000239c       0x38 src/ASF/avr32/drivers/intc/intc.o
                0x8000239c                _get_interrupt_handler
 .text.pm_set_mclk_source
                0x800023d4       0x20 src/ASF/avr32/drivers/pm/pm_uc3c.o
                0x800023d4                pm_set_mclk_source
 .text.pcl_switch_to_osc
                0x800023f4       0x44 src/ASF/avr32/drivers/pm/power_clocks_lib.o
                0x800023f4                pcl_switch_to_osc
 .text.scif_pclksr_statushigh_wait
                0x80002438       0x1a src/ASF/avr32/drivers/scif/scif_uc3c.o
 *fill*         0x80002452        0x2 d703d703
 .text.scif_enable_osc
                0x80002454       0x74 src/ASF/avr32/drivers/scif/scif_uc3c.o
                0x80002454                scif_enable_osc
 .text.scif_configure_osc_crystalmode
                0x800024c8       0xd0 src/ASF/avr32/drivers/scif/scif_uc3c.o
                0x800024c8                scif_configure_osc_crystalmode
 .text.usart_set_async_baudrate
                0x80002598       0x5a src/ASF/avr32/drivers/usart/usart.o
 .text.usart_reset
                0x800025f2       0x2c src/ASF/avr32/drivers/usart/usart.o
                0x800025f2                usart_reset
 *fill*         0x8000261e        0x2 d703d703
 .text.usart_init_rs232
                0x80002620       0xcc src/ASF/avr32/drivers/usart/usart.o
                0x80002620                usart_init_rs232
 .text.main     0x800026ec       0xa8 src/ASF/thirdparty/freertos/demo/avr32_uc3_example/main.o
                0x800026ec                main
 .text.prvIndicateError
                0x80002794       0x64 src/ASF/thirdparty/freertos/demo/avr32_uc3_example/main.o
 .text.vErrorChecks
                0x800027f8      0x128 src/ASF/thirdparty/freertos/demo/avr32_uc3_example/main.o
 .text.vMemCheckTask
                0x80002920       0xb0 src/ASF/thirdparty/freertos/demo/avr32_uc3_example/main.o
 .text.vParTestInitialise
                0x800029d0       0x10 src/ASF/thirdparty/freertos/demo/avr32_uc3_example/partest/ParTest.o
                0x800029d0                vParTestInitialise
 .text.vParTestToggleLED
                0x800029e0       0x40 src/ASF/thirdparty/freertos/demo/avr32_uc3_example/partest/ParTest.o
                0x800029e0                vParTestToggleLED
 .text.vParTestSetLED
                0x80002a20       0x54 src/ASF/thirdparty/freertos/demo/avr32_uc3_example/partest/ParTest.o
                0x80002a20                vParTestSetLED
 .text.xSerialPutChar
                0x80002a74       0x30 src/ASF/thirdparty/freertos/demo/avr32_uc3_example/serial/serial.o
                0x80002a74                xSerialPutChar
 .text.xSerialGetChar
                0x80002aa4       0x18 src/ASF/thirdparty/freertos/demo/avr32_uc3_example/serial/serial.o
                0x80002aa4                xSerialGetChar
 .text.xSerialPortInitMinimal
                0x80002abc       0xc8 src/ASF/thirdparty/freertos/demo/avr32_uc3_example/serial/serial.o
                0x80002abc                xSerialPortInitMinimal
 .text.prvUSART_ISR_NonNakedBehaviour
                0x80002b84       0x98 src/ASF/thirdparty/freertos/demo/avr32_uc3_example/serial/serial.o
 .text.vUSART_ISR
                0x80002c1c       0x78 src/ASF/thirdparty/freertos/demo/avr32_uc3_example/serial/serial.o
 .text.xAreBlockingQueuesStillRunning
                0x80002c94       0x54 src/ASF/thirdparty/freertos/demo/common/minimal/BlockQ.o
                0x80002c94                xAreBlockingQueuesStillRunning
 .text.vStartBlockingQueueTasks
                0x80002ce8      0x154 src/ASF/thirdparty/freertos/demo/common/minimal/BlockQ.o
                0x80002ce8                vStartBlockingQueueTasks
 .text.vBlockingQueueProducer
                0x80002e3c       0x44 src/ASF/thirdparty/freertos/demo/common/minimal/BlockQ.o
 .text.vBlockingQueueConsumer
                0x80002e80       0x4c src/ASF/thirdparty/freertos/demo/common/minimal/BlockQ.o
 .text.xAreComTestTasksStillRunning
                0x80002ecc       0x14 src/ASF/thirdparty/freertos/demo/common/minimal/comtest.o
                0x80002ecc                xAreComTestTasksStillRunning
 .text.vAltStartComTestTasks
                0x80002ee0       0x64 src/ASF/thirdparty/freertos/demo/common/minimal/comtest.o
                0x80002ee0                vAltStartComTestTasks
 .text.vComRxTask
                0x80002f44       0xa0 src/ASF/thirdparty/freertos/demo/common/minimal/comtest.o
 .text.vComTxTask
                0x80002fe4       0x84 src/ASF/thirdparty/freertos/demo/common/minimal/comtest.o
 .text.xIsCreateTaskStillRunning
                0x80003068       0x58 src/ASF/thirdparty/freertos/demo/common/minimal/death.o
                0x80003068                xIsCreateTaskStillRunning
 .text.vCreateSuicidalTasks
                0x800030c0       0x54 src/ASF/thirdparty/freertos/demo/common/minimal/death.o
                0x800030c0                vCreateSuicidalTasks
 .text.vCreateTasks
                0x80003114       0x74 src/ASF/thirdparty/freertos/demo/common/minimal/death.o
 .text.vSuicidalTask
                0x80003188       0x88 src/ASF/thirdparty/freertos/demo/common/minimal/death.o
 .text.xAreDynamicPriorityTasksStillRunning
                0x80003210       0x40 src/ASF/thirdparty/freertos/demo/common/minimal/dynamic.o
                0x80003210                xAreDynamicPriorityTasksStillRunning
 .text.vStartDynamicPriorityTasks
                0x80003250       0xd0 src/ASF/thirdparty/freertos/demo/common/minimal/dynamic.o
                0x80003250                vStartDynamicPriorityTasks
 .text.vQueueReceiveWhenSuspendedTask
                0x80003320       0x64 src/ASF/thirdparty/freertos/demo/common/minimal/dynamic.o
 .text.vQueueSendWhenSuspendedTask
                0x80003384       0x58 src/ASF/thirdparty/freertos/demo/common/minimal/dynamic.o
 .text.vLimitedIncrementTask
                0x800033dc       0x28 src/ASF/thirdparty/freertos/demo/common/minimal/dynamic.o
 .text.vCounterControlTask
                0x80003404       0xa8 src/ASF/thirdparty/freertos/demo/common/minimal/dynamic.o
 .text.vContinuousIncrementTask
                0x800034ac       0x34 src/ASF/thirdparty/freertos/demo/common/minimal/dynamic.o
 .text.vStartLEDFlashTasks
                0x800034e0       0x40 src/ASF/thirdparty/freertos/demo/common/minimal/flash.o
                0x800034e0                vStartLEDFlashTasks
 .text.vLEDFlashTask
                0x80003520       0x64 src/ASF/thirdparty/freertos/demo/common/minimal/flash.o
 .text.vCompetingMathTask1
                0x80003584      0x100 src/ASF/thirdparty/freertos/demo/common/minimal/flop.o
 .text.vCompetingMathTask2
                0x80003684       0xfc src/ASF/thirdparty/freertos/demo/common/minimal/flop.o
 .text.xAreMathsTaskStillRunning
                0x80003780       0x30 src/ASF/thirdparty/freertos/demo/common/minimal/flop.o
                0x80003780                xAreMathsTaskStillRunning
 .text.vStartMathTasks
                0x800037b0      0x114 src/ASF/thirdparty/freertos/demo/common/minimal/flop.o
                0x800037b0                vStartMathTasks
 .text.vCompetingMathTask4
                0x800038c4       0xcc src/ASF/thirdparty/freertos/demo/common/minimal/flop.o
 .text.vCompetingMathTask3
                0x80003990       0xc0 src/ASF/thirdparty/freertos/demo/common/minimal/flop.o
 .text.xAreIntegerMathsTaskStillRunning
                0x80003a50       0x14 src/ASF/thirdparty/freertos/demo/common/minimal/integer.o
                0x80003a50                xAreIntegerMathsTaskStillRunning
 .text.vStartIntegerMathTasks
                0x80003a64       0x30 src/ASF/thirdparty/freertos/demo/common/minimal/integer.o
                0x80003a64                vStartIntegerMathTasks
 .text.vCompeteingIntMathTask
                0x80003a94       0x60 src/ASF/thirdparty/freertos/demo/common/minimal/integer.o
 .text.xArePollingQueuesStillRunning
                0x80003af4       0x28 src/ASF/thirdparty/freertos/demo/common/minimal/PollQ.o
                0x80003af4                xArePollingQueuesStillRunning
 .text.vStartPolledQueueTasks
                0x80003b1c       0x64 src/ASF/thirdparty/freertos/demo/common/minimal/PollQ.o
                0x80003b1c                vStartPolledQueueTasks
 .text.vPolledQueueProducer
                0x80003b80       0x70 src/ASF/thirdparty/freertos/demo/common/minimal/PollQ.o
 .text.vPolledQueueConsumer
                0x80003bf0       0x78 src/ASF/thirdparty/freertos/demo/common/minimal/PollQ.o
 .text.xAreSemaphoreTasksStillRunning
                0x80003c68       0x58 src/ASF/thirdparty/freertos/demo/common/minimal/semtest.o
                0x80003c68                xAreSemaphoreTasksStillRunning
 .text.vStartSemaphoreTasks
                0x80003cc0       0xfc src/ASF/thirdparty/freertos/demo/common/minimal/semtest.o
                0x80003cc0                vStartSemaphoreTasks
 .text.prvSemaphoreTest
                0x80003dbc       0xc8 src/ASF/thirdparty/freertos/demo/common/minimal/semtest.o
 .text.vListInitialise
                0x80003e84       0x14 src/ASF/thirdparty/freertos/freertos-7.0.0/source/list.o
                0x80003e84                vListInitialise
 .text.vListInitialiseItem
                0x80003e98        0x6 src/ASF/thirdparty/freertos/freertos-7.0.0/source/list.o
                0x80003e98                vListInitialiseItem
 .text.vListInsertEnd
                0x80003e9e       0x1c src/ASF/thirdparty/freertos/freertos-7.0.0/source/list.o
                0x80003e9e                vListInsertEnd
 .text.vListInsert
                0x80003eba       0x34 src/ASF/thirdparty/freertos/freertos-7.0.0/source/list.o
                0x80003eba                vListInsert
 .text.vListRemove
                0x80003eee       0x26 src/ASF/thirdparty/freertos/freertos-7.0.0/source/list.o
                0x80003eee                vListRemove
 .text.pxPortInitialiseStack
                0x80003f14       0x92 src/ASF/thirdparty/freertos/freertos-7.0.0/source/portable/gcc/avr32_uc3/port.o
                0x80003f14                pxPortInitialiseStack
 *fill*         0x80003fa6        0x2 d703d703
 .text.vPortEnterCritical
                0x80003fa8       0x10 src/ASF/thirdparty/freertos/freertos-7.0.0/source/portable/gcc/avr32_uc3/port.o
                0x80003fa8                vPortEnterCritical
 .text.xPortStartScheduler
                0x80003fb8       0x58 src/ASF/thirdparty/freertos/freertos-7.0.0/source/portable/gcc/avr32_uc3/port.o
                0x80003fb8                xPortStartScheduler
 .text.SCALLYield
                0x80004010       0x98 src/ASF/thirdparty/freertos/freertos-7.0.0/source/portable/gcc/avr32_uc3/port.o
                0x80004010                SCALLYield
 .text.prvClearCcInt
                0x800040a8        0xa src/ASF/thirdparty/freertos/freertos-7.0.0/source/portable/gcc/avr32_uc3/port.o
 *fill*         0x800040b2        0x2 d703d703
 .text.vPortExitCritical
                0x800040b4       0x20 src/ASF/thirdparty/freertos/freertos-7.0.0/source/portable/gcc/avr32_uc3/port.o
                0x800040b4                vPortExitCritical
 .text.vTick    0x800040d4       0x84 src/ASF/thirdparty/freertos/freertos-7.0.0/source/portable/gcc/avr32_uc3/port.o
 .text.__malloc_lock
                0x80004158        0xc src/ASF/thirdparty/freertos/freertos-7.0.0/source/portable/gcc/avr32_uc3/port.o
                0x80004158                __malloc_lock
 .text.__malloc_unlock
                0x80004164        0xc src/ASF/thirdparty/freertos/freertos-7.0.0/source/portable/gcc/avr32_uc3/port.o
                0x80004164                __malloc_unlock
 .text._init_startup
                0x80004170       0x18 src/ASF/thirdparty/freertos/freertos-7.0.0/source/portable/gcc/avr32_uc3/port.o
                0x80004170                _init_startup
 .text.vPortFree
                0x80004188       0x28 src/ASF/thirdparty/freertos/freertos-7.0.0/source/portable/memmang/heap_3.o
                0x80004188                vPortFree
 .text.pvPortMalloc
                0x800041b0       0x28 src/ASF/thirdparty/freertos/freertos-7.0.0/source/portable/memmang/heap_3.o
                0x800041b0                pvPortMalloc
 .text.uxQueueMessagesWaiting
                0x800041d8       0x20 src/ASF/thirdparty/freertos/freertos-7.0.0/source/queue.o
                0x800041d8                uxQueueMessagesWaiting
 .text.prvCopyDataFromQueue
                0x800041f8       0x30 src/ASF/thirdparty/freertos/freertos-7.0.0/source/queue.o
 .text.xQueueReceiveFromISR
                0x80004228       0x50 src/ASF/thirdparty/freertos/freertos-7.0.0/source/queue.o
                0x80004228                xQueueReceiveFromISR
 .text.prvCopyDataToQueue
                0x80004278       0x64 src/ASF/thirdparty/freertos/freertos-7.0.0/source/queue.o
 .text.xQueueGenericSendFromISR
                0x800042dc       0x50 src/ASF/thirdparty/freertos/freertos-7.0.0/source/queue.o
                0x800042dc                xQueueGenericSendFromISR
 .text.prvUnlockQueue
                0x8000432c       0xa0 src/ASF/thirdparty/freertos/freertos-7.0.0/source/queue.o
 .text.xQueueGenericReceive
                0x800043cc      0x11c src/ASF/thirdparty/freertos/freertos-7.0.0/source/queue.o
                0x800043cc                xQueueGenericReceive
 .text.xQueueGenericSend
                0x800044e8      0x100 src/ASF/thirdparty/freertos/freertos-7.0.0/source/queue.o
                0x800044e8                xQueueGenericSend
 .text.xQueueCreate
                0x800045e8       0x74 src/ASF/thirdparty/freertos/freertos-7.0.0/source/queue.o
                0x800045e8                xQueueCreate
 .text.xTaskIsTaskSuspended
                0x8000465c       0x20 src/ASF/thirdparty/freertos/freertos-7.0.0/source/tasks.o
                0x8000465c                xTaskIsTaskSuspended
 .text.vTaskSuspendAll
                0x8000467c       0x10 src/ASF/thirdparty/freertos/freertos-7.0.0/source/tasks.o
                0x8000467c                vTaskSuspendAll
 .text.uxTaskGetNumberOfTasks
                0x8000468c        0xc src/ASF/thirdparty/freertos/freertos-7.0.0/source/tasks.o
                0x8000468c                uxTaskGetNumberOfTasks
 .text.vTaskSwitchContext
                0x80004698       0x7c src/ASF/thirdparty/freertos/freertos-7.0.0/source/tasks.o
                0x80004698                vTaskSwitchContext
 .text.vTaskSetTimeOutState
                0x80004714       0x18 src/ASF/thirdparty/freertos/freertos-7.0.0/source/tasks.o
                0x80004714                vTaskSetTimeOutState
 .text.vTaskMissedYield
                0x8000472c        0xc src/ASF/thirdparty/freertos/freertos-7.0.0/source/tasks.o
                0x8000472c                vTaskMissedYield
 .text.xTaskCheckForTimeOut
                0x80004738       0x70 src/ASF/thirdparty/freertos/freertos-7.0.0/source/tasks.o
                0x80004738                xTaskCheckForTimeOut
 .text.xTaskGetTickCount
                0x800047a8       0x24 src/ASF/thirdparty/freertos/freertos-7.0.0/source/tasks.o
                0x800047a8                xTaskGetTickCount
 .text.uxTaskPriorityGet
                0x800047cc       0x2c src/ASF/thirdparty/freertos/freertos-7.0.0/source/tasks.o
                0x800047cc                uxTaskPriorityGet
 .text.xTaskRemoveFromEventList
                0x800047f8       0x80 src/ASF/thirdparty/freertos/freertos-7.0.0/source/tasks.o
                0x800047f8                xTaskRemoveFromEventList
 .text.vTaskIncrementTick
                0x80004878      0x114 src/ASF/thirdparty/freertos/freertos-7.0.0/source/tasks.o
                0x80004878                vTaskIncrementTick
 .text.xTaskResumeAll
                0x8000498c       0xe8 src/ASF/thirdparty/freertos/freertos-7.0.0/source/tasks.o
                0x8000498c                xTaskResumeAll
 .text.vTaskResume
                0x80004a74       0x80 src/ASF/thirdparty/freertos/freertos-7.0.0/source/tasks.o
                0x80004a74                vTaskResume
 .text.vTaskSuspend
                0x80004af4       0x98 src/ASF/thirdparty/freertos/freertos-7.0.0/source/tasks.o
                0x80004af4                vTaskSuspend
 .text.vTaskPrioritySet
                0x80004b8c       0xac src/ASF/thirdparty/freertos/freertos-7.0.0/source/tasks.o
                0x80004b8c                vTaskPrioritySet
 .text.vTaskDelete
                0x80004c38       0x8c src/ASF/thirdparty/freertos/freertos-7.0.0/source/tasks.o
                0x80004c38                vTaskDelete
 .text.prvAddCurrentTaskToDelayedList
                0x80004cc4       0x5c src/ASF/thirdparty/freertos/freertos-7.0.0/source/tasks.o
 .text.vTaskDelay
                0x80004d20       0x48 src/ASF/thirdparty/freertos/freertos-7.0.0/source/tasks.o
                0x80004d20                vTaskDelay
 .text.vTaskDelayUntil
                0x80004d68       0x80 src/ASF/thirdparty/freertos/freertos-7.0.0/source/tasks.o
                0x80004d68                vTaskDelayUntil
 .text.vTaskPlaceOnEventList
                0x80004de8       0x58 src/ASF/thirdparty/freertos/freertos-7.0.0/source/tasks.o
                0x80004de8                vTaskPlaceOnEventList
 .text.prvIdleTask
                0x80004e40       0x80 src/ASF/thirdparty/freertos/freertos-7.0.0/source/tasks.o
 .text.xTaskGenericCreate
                0x80004ec0      0x1e4 src/ASF/thirdparty/freertos/freertos-7.0.0/source/tasks.o
                0x80004ec0                xTaskGenericCreate
 .text.vTaskStartScheduler
                0x800050a4       0x4c src/ASF/thirdparty/freertos/freertos-7.0.0/source/tasks.o
                0x800050a4                vTaskStartScheduler
 .text          0x800050f0      0x1d4 c:/program files (x86)/atmel/studio/7.0/toolchain/avr32/avr32-gnu-toolchain/bin/../lib/gcc/avr32/4.4.7/ucr3fp\libgcc.a(_avr32_f64_mul.o)
                0x800050f0                __avr32_f64_mul
 .text          0x800052c4      0x2b0 c:/program files (x86)/atmel/studio/7.0/toolchain/avr32/avr32-gnu-toolchain/bin/../lib/gcc/avr32/4.4.7/ucr3fp\libgcc.a(_avr32_f64_addsub.o)
                0x800052c8                __avr32_f64_sub
                0x80005464                __avr32_f64_add
 .text          0x80005574       0xe8 c:/program files (x86)/atmel/studio/7.0/toolchain/avr32/avr32-gnu-toolchain/bin/../lib/gcc/avr32/4.4.7/ucr3fp\libgcc.a(_avr32_s32_to_f64.o)
                0x80005574                __avr32_u32_to_f64
                0x8000557c                __avr32_s32_to_f64
 .text          0x8000565c       0x68 c:/program files (x86)/atmel/studio/7.0/toolchain/avr32/avr32-gnu-toolchain/bin/../lib/gcc/avr32/4.4.7/ucr3fp\libgcc.a(_avr32_f64_cmp_lt.o)
                0x8000565c                __avr32_f64_cmp_lt
 .text          0x800056c4      0x318 c:/program files (x86)/atmel/studio/7.0/toolchain/avr32/avr32-gnu-toolchain/bin/../lib/gcc/avr32/4.4.7/ucr3fp\libgcc.a(_avr32_f64_div.o)
                0x800056c4                __avr32_f64_div
 .text.atexit   0x800059dc       0x10 c:/program files (x86)/atmel/studio/7.0/toolchain/avr32/avr32-gnu-toolchain/bin/../lib/gcc/avr32/4.4.7/../../../../avr32/lib/ucr3fp\libc.a(lib_a-atexit.o)
                                 0x14 (size before relaxing)
                0x800059dc                atexit
 .text.exit     0x800059ec       0x20 c:/program files (x86)/atmel/studio/7.0/toolchain/avr32/avr32-gnu-toolchain/bin/../lib/gcc/avr32/4.4.7/../../../../avr32/lib/ucr3fp\libc.a(lib_a-exit.o)
                                 0x28 (size before relaxing)
                0x800059ec                exit
 .text.free     0x80005a0c       0x10 c:/program files (x86)/atmel/studio/7.0/toolchain/avr32/avr32-gnu-toolchain/bin/../lib/gcc/avr32/4.4.7/../../../../avr32/lib/ucr3fp\libc.a(lib_a-malloc.o)
                                 0x18 (size before relaxing)
                0x80005a0c                free
 .text.malloc   0x80005a1c       0x10 c:/program files (x86)/atmel/studio/7.0/toolchain/avr32/avr32-gnu-toolchain/bin/../lib/gcc/avr32/4.4.7/../../../../avr32/lib/ucr3fp\libc.a(lib_a-malloc.o)
                                 0x18 (size before relaxing)
                0x80005a1c                malloc
 .text._malloc_r
                0x80005a2c      0x434 c:/program files (x86)/atmel/studio/7.0/toolchain/avr32/avr32-gnu-toolchain/bin/../lib/gcc/avr32/4.4.7/../../../../avr32/lib/ucr3fp\libc.a(lib_a-mallocr.o)
                                0x450 (size before relaxing)
                0x80005a2c                _malloc_r
 .text          0x80005e60      0x148 c:/program files (x86)/atmel/studio/7.0/toolchain/avr32/avr32-gnu-toolchain/bin/../lib/gcc/avr32/4.4.7/../../../../avr32/lib/ucr3fp\libc.a(lib_a-memcpy.o)
                0x80005e60                memcpy
 .text.memset   0x80005fa8        0xe c:/program files (x86)/atmel/studio/7.0/toolchain/avr32/avr32-gnu-toolchain/bin/../lib/gcc/avr32/4.4.7/../../../../avr32/lib/ucr3fp\libc.a(lib_a-memset.o)
                0x80005fa8                memset
 *fill*         0x80005fb6        0x2 d703d703
 .text._sbrk_r  0x80005fb8       0x20 c:/program files (x86)/atmel/studio/7.0/toolchain/avr32/avr32-gnu-toolchain/bin/../lib/gcc/avr32/4.4.7/../../../../avr32/lib/ucr3fp\libc.a(lib_a-sbrkr.o)
                                 0x28 (size before relaxing)
                0x80005fb8                _sbrk_r
 .text          0x80005fd8       0x20 c:/program files (x86)/atmel/studio/7.0/toolchain/avr32/avr32-gnu-toolchain/bin/../lib/gcc/avr32/4.4.7/../../../../avr32/lib/ucr3fp\libc.a(lib_a-strncpy.o)
                0x80005fd8                strncpy
 .text._init_argv
                0x80005ff8        0xa c:/program files (x86)/atmel/studio/7.0/toolchain/avr32/avr32-gnu-toolchain/bin/../lib/gcc/avr32/4.4.7/../../../../avr32/lib/ucr3fp\libc.a(lib_a-syscalls.o)
                0x80005ff8                _init_argv
 .text._exit    0x80006002        0xa c:/program files (x86)/atmel/studio/7.0/toolchain/avr32/avr32-gnu-toolchain/bin/../lib/gcc/avr32/4.4.7/../../../../avr32/lib/ucr3fp\libc.a(lib_a-syscalls.o)
                0x80006002                _exit
 .text._sbrk    0x8000600c       0x38 c:/program files (x86)/atmel/studio/7.0/toolchain/avr32/avr32-gnu-toolchain/bin/../lib/gcc/avr32/4.4.7/../../../../avr32/lib/ucr3fp\libc.a(lib_a-syscalls.o)
                                 0x40 (size before relaxing)
                0x8000600c                _sbrk
 .text.__register_exitproc
                0x80006044       0xa4 c:/program files (x86)/atmel/studio/7.0/toolchain/avr32/avr32-gnu-toolchain/bin/../lib/gcc/avr32/4.4.7/../../../../avr32/lib/ucr3fp\libc.a(lib_a-__atexit.o)
                                 0xac (size before relaxing)
                0x80006044                __register_exitproc
 .text.__call_exitprocs
                0x800060e8       0xcc c:/program files (x86)/atmel/studio/7.0/toolchain/avr32/avr32-gnu-toolchain/bin/../lib/gcc/avr32/4.4.7/../../../../avr32/lib/ucr3fp\libc.a(lib_a-__call_atexit.o)
                                 0xd4 (size before relaxing)
                0x800060e8                __call_exitprocs
 .text.__errno  0x800061b4        0xc c:/program files (x86)/atmel/studio/7.0/toolchain/avr32/avr32-gnu-toolchain/bin/../lib/gcc/avr32/4.4.7/../../../../avr32/lib/ucr3fp\libc.a(lib_a-errno.o)
                0x800061b4                __errno
 .text._malloc_trim_r
                0x800061c0       0x90 c:/program files (x86)/atmel/studio/7.0/toolchain/avr32/avr32-gnu-toolchain/bin/../lib/gcc/avr32/4.4.7/../../../../avr32/lib/ucr3fp\libc.a(lib_a-freer.o)
                                 0xa8 (size before relaxing)
                0x800061c0                _malloc_trim_r
 .text._free_r  0x80006250      0x18c c:/program files (x86)/atmel/studio/7.0/toolchain/avr32/avr32-gnu-toolchain/bin/../lib/gcc/avr32/4.4.7/../../../../avr32/lib/ucr3fp\libc.a(lib_a-freer.o)
                                0x1a0 (size before relaxing)
                0x80006250                _free_r
 .text          0x800063dc       0x14 c:/program files (x86)/atmel/studio/7.0/toolchain/avr32/avr32-gnu-toolchain/bin/../lib/gcc/avr32/4.4.7/ucr3fp/crtend.o
                                 0x18 (size before relaxing)
 *(.text.*personality*)
 *(.gnu.warning)

.exception      0x80006400      0x200
 .exception     0x80006400      0x200 src/ASF/thirdparty/freertos/freertos-7.0.0/source/portable/gcc/avr32_uc3/exception.o
                0x80006400                _evba
                0x80006504                _int0
                0x80006512                _int1
                0x80006520                _int2
                0x8000652e                _int3

.fini           0x80006600       0x18
 *(.fini)
 .fini          0x80006600       0x10 c:/program files (x86)/atmel/studio/7.0/toolchain/avr32/avr32-gnu-toolchain/bin/../lib/gcc/avr32/4.4.7/ucr3fp/crti.o
                0x80006600                _fini
 .fini          0x80006610        0x4 c:/program files (x86)/atmel/studio/7.0/toolchain/avr32/avr32-gnu-toolchain/bin/../lib/gcc/avr32/4.4.7/ucr3fp/crtbegin.o
 .fini          0x80006614        0x4 c:/program files (x86)/atmel/studio/7.0/toolchain/avr32/avr32-gnu-toolchain/bin/../lib/gcc/avr32/4.4.7/ucr3fp/crtn.o
                0x80006618                PROVIDE (__etext, .)
                0x80006618                PROVIDE (_etext, .)
                0x80006618                PROVIDE (etext, .)

.rodata         0x80006618      0x37c
 *(.rodata .rodata.* .gnu.linkonce.r.*)
 .rodata.LED_DESCRIPTOR
                0x80006618       0x40 src/ASF/avr32/boards/uc3c_ek/led.o
 .rodata.gpio_enable_module_pin
                0x80006658       0x20 src/ASF/avr32/drivers/gpio/gpio.o
 .rodata._int_handler_table
                0x80006678      0x178 src/ASF/avr32/drivers/intc/intc.o
 .rodata.str1.4
                0x800067f0       0x16 src/ASF/thirdparty/freertos/demo/avr32_uc3_example/main.o
                                 0x18 (size before relaxing)
 *fill*         0x80006806        0x2 
 .rodata.C.56.15188
                0x80006808        0xc src/ASF/thirdparty/freertos/demo/avr32_uc3_example/serial/serial.o
 .rodata.USART_GPIO_MAP.15184
                0x80006814       0x10 src/ASF/thirdparty/freertos/demo/avr32_uc3_example/serial/serial.o
 .rodata.str1.4
                0x80006824       0x30 src/ASF/thirdparty/freertos/demo/common/minimal/BlockQ.o
 .rodata.str1.4
                0x80006854        0xe src/ASF/thirdparty/freertos/demo/common/minimal/comtest.o
                                 0x10 (size before relaxing)
 *fill*         0x80006862        0x2 
 .rodata.str1.4
                0x80006864       0x18 src/ASF/thirdparty/freertos/demo/common/minimal/death.o
 .rodata.str1.4
                0x8000687c       0x28 src/ASF/thirdparty/freertos/demo/common/minimal/dynamic.o
 .rodata.str1.4
                0x800068a4        0x5 src/ASF/thirdparty/freertos/demo/common/minimal/flash.o
                                  0x8 (size before relaxing)
 *fill*         0x800068a9        0x3 
 .rodata.str1.4
                0x800068ac       0x3e src/ASF/thirdparty/freertos/demo/common/minimal/flop.o
                                 0x40 (size before relaxing)
 *fill*         0x800068ea        0x2 
 .rodata.str1.4
                0x800068ec        0x8 src/ASF/thirdparty/freertos/demo/common/minimal/integer.o
 .rodata.str1.4
                0x800068f4       0x10 src/ASF/thirdparty/freertos/demo/common/minimal/PollQ.o
 .rodata.str1.4
                0x80006904       0x20 src/ASF/thirdparty/freertos/demo/common/minimal/semtest.o
 .rodata.str1.4
                0x80006924        0x5 src/ASF/thirdparty/freertos/freertos-7.0.0/source/tasks.o
                                  0x8 (size before relaxing)
 *fill*         0x80006929        0x3 
 .rodata.str1.4
                0x8000692c        0x4 c:/program files (x86)/atmel/studio/7.0/toolchain/avr32/avr32-gnu-toolchain/bin/../lib/gcc/avr32/4.4.7/../../../../avr32/lib/ucr3fp\libc.a(lib_a-impure.o)
 .rodata._global_impure_ptr
                0x80006930        0x4 c:/program files (x86)/atmel/studio/7.0/toolchain/avr32/avr32-gnu-toolchain/bin/../lib/gcc/avr32/4.4.7/../../../../avr32/lib/ucr3fp\libc.a(lib_a-impure.o)
                0x80006930                _global_impure_ptr
 .rodata.__sf_fake_stdin
                0x80006934       0x20 c:/program files (x86)/atmel/studio/7.0/toolchain/avr32/avr32-gnu-toolchain/bin/../lib/gcc/avr32/4.4.7/../../../../avr32/lib/ucr3fp\libc.a(lib_a-findfp.o)
                0x80006934                __sf_fake_stdin
 .rodata.__sf_fake_stdout
                0x80006954       0x20 c:/program files (x86)/atmel/studio/7.0/toolchain/avr32/avr32-gnu-toolchain/bin/../lib/gcc/avr32/4.4.7/../../../../avr32/lib/ucr3fp\libc.a(lib_a-findfp.o)
                0x80006954                __sf_fake_stdout
 .rodata.__sf_fake_stderr
                0x80006974       0x20 c:/program files (x86)/atmel/studio/7.0/toolchain/avr32/avr32-gnu-toolchain/bin/../lib/gcc/avr32/4.4.7/../../../../avr32/lib/ucr3fp\libc.a(lib_a-findfp.o)
                0x80006974                __sf_fake_stderr

.rodata1
 *(.rodata1)

.eh_frame_hdr
 *(.eh_frame_hdr)

.eh_frame
 *(.eh_frame)

.gcc_except_table
 *(.gcc_except_table)
 *(.gcc_except_table.*)

.lalign         0x80006994        0x4
                0x80006998                . = ALIGN (0x8)
 *fill*         0x80006994        0x4 
                0x80006998                PROVIDE (_data_lma, .)
                0x00000004                . = ORIGIN (INTRAM)

.dalign         0x00000004        0x4
                0x00000008                . = ALIGN (0x8)
 *fill*         0x00000004        0x4 
                0x00000008                PROVIDE (_data, .)

.eh_frame
 *(.eh_frame)

.gcc_except_table
 *(.gcc_except_table)
 *(.gcc_except_table.*)

.tdata
 *(.tdata .tdata.* .gnu.linkonce.td.*)

.tbss
 *(.tbss .tbss.* .gnu.linkonce.tb.*)
 *(.tcommon)
                0x00000008                PROVIDE (__preinit_array_start, ALIGN (0x4))

.preinit_array
 *(.preinit_array)
                0x00000008                PROVIDE (__preinit_array_end, .)
                0x00000008                PROVIDE (__init_array_start, .)

.init_array
 *(.init_array)
                0x00000008                PROVIDE (__init_array_end, .)
                0x00000008                PROVIDE (__fini_array_start, .)

.fini_array
 *(.fini_array)
                0x00000008                PROVIDE (__fini_array_end, .)

.ctors          0x00000008        0x8 load address 0x80006998
 *crtbegin*.o(.ctors)
 .ctors         0x00000008        0x4 c:/program files (x86)/atmel/studio/7.0/toolchain/avr32/avr32-gnu-toolchain/bin/../lib/gcc/avr32/4.4.7/ucr3fp/crtbegin.o
 *(EXCLUDE_FILE(*crtend*.o) .ctors)
 *(SORT(.ctors.*))
 *(.ctors)
 .ctors         0x0000000c        0x4 c:/program files (x86)/atmel/studio/7.0/toolchain/avr32/avr32-gnu-toolchain/bin/../lib/gcc/avr32/4.4.7/ucr3fp/crtend.o

.dtors          0x00000010        0x8 load address 0x800069a0
 *crtbegin*.o(.dtors)
 .dtors         0x00000010        0x4 c:/program files (x86)/atmel/studio/7.0/toolchain/avr32/avr32-gnu-toolchain/bin/../lib/gcc/avr32/4.4.7/ucr3fp/crtbegin.o
 *(EXCLUDE_FILE(*crtend*.o) .dtors)
 *(SORT(.dtors.*))
 *(.dtors)
 .dtors         0x00000014        0x4 c:/program files (x86)/atmel/studio/7.0/toolchain/avr32/avr32-gnu-toolchain/bin/../lib/gcc/avr32/4.4.7/ucr3fp/crtend.o
                0x00000014                __DTOR_END__

.jcr            0x00000018        0x4 load address 0x800069a8
 *(.jcr)
 .jcr           0x00000018        0x0 c:/program files (x86)/atmel/studio/7.0/toolchain/avr32/avr32-gnu-toolchain/bin/../lib/gcc/avr32/4.4.7/ucr3fp/crtbegin.o
 .jcr           0x00000018        0x4 c:/program files (x86)/atmel/studio/7.0/toolchain/avr32/avr32-gnu-toolchain/bin/../lib/gcc/avr32/4.4.7/ucr3fp/crtend.o

.data.rel.ro
 *(.data.rel.ro.local)
 *(.data.rel.ro*)

.dynamic
 *(.dynamic)

.got            0x0000001c        0x0 load address 0x800069ac
 *(.got.plt)
 *(.got)
 .got           0x0000001c        0x0 c:/program files (x86)/atmel/studio/7.0/toolchain/avr32/avr32-gnu-toolchain/bin/../lib/gcc/avr32/4.4.7/../../../../avr32/lib/ucr3fp/crt0.o
                0x0000001c                _GLOBAL_OFFSET_TABLE_

.ramtext
 *(.ramtext .ramtext.*)

.ddalign        0x0000001c        0x0 load address 0x800069ac
                0x00000020                . = ALIGN (0x8)

.data           0x0000001c      0x51c load address 0x800069ac
 *(.data .data.* .gnu.linkonce.d.*)
 .data.LED_State
                0x0000001c        0x4 src/ASF/avr32/boards/uc3c_ek/led.o
 .data.flashc_wait_until_ready
                0x00000020        0x4 src/ASF/avr32/drivers/flashc/flashc.o
                0x00000020                flashc_wait_until_ready
 .data.ulDummyVariable.16010
                0x00000024        0x4 src/ASF/thirdparty/freertos/demo/avr32_uc3_example/main.o
 .data.usLastCreationCount.14584
                0x00000028        0x2 src/ASF/thirdparty/freertos/demo/common/minimal/death.o
 *fill*         0x0000002a        0x2 
 .data.ulCriticalNesting
                0x0000002c        0x4 src/ASF/thirdparty/freertos/freertos-7.0.0/source/portable/gcc/avr32_uc3/port.o
                0x0000002c                ulCriticalNesting
 .data.xNextTaskUnblockTime
                0x00000030        0x4 src/ASF/thirdparty/freertos/freertos-7.0.0/source/tasks.o
 .data.impure_data
                0x00000034       0xf0 c:/program files (x86)/atmel/studio/7.0/toolchain/avr32/avr32-gnu-toolchain/bin/../lib/gcc/avr32/4.4.7/../../../../avr32/lib/ucr3fp\libc.a(lib_a-impure.o)
 .data._impure_ptr
                0x00000124        0x4 c:/program files (x86)/atmel/studio/7.0/toolchain/avr32/avr32-gnu-toolchain/bin/../lib/gcc/avr32/4.4.7/../../../../avr32/lib/ucr3fp\libc.a(lib_a-impure.o)
                0x00000124                _impure_ptr
 .data.__malloc_av_
                0x00000128      0x408 c:/program files (x86)/atmel/studio/7.0/toolchain/avr32/avr32-gnu-toolchain/bin/../lib/gcc/avr32/4.4.7/../../../../avr32/lib/ucr3fp\libc.a(lib_a-mallocr.o)
                0x00000128                __malloc_av_
 .data.__malloc_trim_threshold
                0x00000530        0x4 c:/program files (x86)/atmel/studio/7.0/toolchain/avr32/avr32-gnu-toolchain/bin/../lib/gcc/avr32/4.4.7/../../../../avr32/lib/ucr3fp\libc.a(lib_a-mallocr.o)
                0x00000530                __malloc_trim_threshold
 .data.__malloc_sbrk_base
                0x00000534        0x4 c:/program files (x86)/atmel/studio/7.0/toolchain/avr32/avr32-gnu-toolchain/bin/../lib/gcc/avr32/4.4.7/../../../../avr32/lib/ucr3fp\libc.a(lib_a-mallocr.o)
                0x00000534                __malloc_sbrk_base
 *(.gnu.linkonce.d.*personality*)

.data1
 *(.data1)

.balign         0x00000538        0x0 load address 0x80006ec8
                0x00000538                . = ALIGN (0x8)
 *fill*         0x00000538        0x0 
                0x00000538                PROVIDE (_edata, .)
                0x00000538                PROVIDE (edata, .)
                0x00000538                __bss_start = .

.bss            0x00000538      0x408
 *(.dynbss)
 *(.bss .bss.* .gnu.linkonce.b.*)
 .bss           0x00000538        0x8 c:/program files (x86)/atmel/studio/7.0/toolchain/avr32/avr32-gnu-toolchain/bin/../lib/gcc/avr32/4.4.7/ucr3fp/crtbegin.o
 .bss.flashc_error_status
                0x00000540        0x4 src/ASF/avr32/drivers/flashc/flashc.o
 .bss._int_line_handler_table_0
                0x00000544        0x4 src/ASF/avr32/drivers/intc/intc.o
 .bss._int_line_handler_table_1
                0x00000548        0x8 src/ASF/avr32/drivers/intc/intc.o
 .bss._int_line_handler_table_2
                0x00000550        0x4 src/ASF/avr32/drivers/intc/intc.o
 .bss._int_line_handler_table_3
                0x00000554       0x10 src/ASF/avr32/drivers/intc/intc.o
 .bss._int_line_handler_table_4
                0x00000564       0x10 src/ASF/avr32/drivers/intc/intc.o
 .bss._int_line_handler_table_5
                0x00000574       0x10 src/ASF/avr32/drivers/intc/intc.o
 .bss._int_line_handler_table_6
                0x00000584       0x10 src/ASF/avr32/drivers/intc/intc.o
 .bss._int_line_handler_table_7
                0x00000594        0x4 src/ASF/avr32/drivers/intc/intc.o
 .bss._int_line_handler_table_8
                0x00000598        0x4 src/ASF/avr32/drivers/intc/intc.o
 .bss._int_line_handler_table_9
                0x0000059c       0x28 src/ASF/avr32/drivers/intc/intc.o
 .bss._int_line_handler_table_10
                0x000005c4        0x4 src/ASF/avr32/drivers/intc/intc.o
 .bss._int_line_handler_table_11
                0x000005c8        0x4 src/ASF/avr32/drivers/intc/intc.o
 .bss._int_line_handler_table_12
                0x000005cc        0x4 src/ASF/avr32/drivers/intc/intc.o
 .bss._int_line_handler_table_13
                0x000005d0        0x4 src/ASF/avr32/drivers/intc/intc.o
 .bss._int_line_handler_table_14
                0x000005d4       0x14 src/ASF/avr32/drivers/intc/intc.o
 .bss._int_line_handler_table_15
                0x000005e8       0x10 src/ASF/avr32/drivers/intc/intc.o
 .bss._int_line_handler_table_16
                0x000005f8       0x10 src/ASF/avr32/drivers/intc/intc.o
 .bss._int_line_handler_table_17
                0x00000608        0x4 src/ASF/avr32/drivers/intc/intc.o
 .bss._int_line_handler_table_18
                0x0000060c       0x40 src/ASF/avr32/drivers/intc/intc.o
 .bss._int_line_handler_table_19
                0x0000064c        0x4 src/ASF/avr32/drivers/intc/intc.o
 .bss._int_line_handler_table_33
                0x00000650        0xc src/ASF/avr32/drivers/intc/intc.o
 .bss._int_line_handler_table_34
                0x0000065c        0xc src/ASF/avr32/drivers/intc/intc.o
 .bss._int_line_handler_table_35
                0x00000668        0x8 src/ASF/avr32/drivers/intc/intc.o
 .bss._int_line_handler_table_36
                0x00000670       0x18 src/ASF/avr32/drivers/intc/intc.o
 .bss._int_line_handler_table_37
                0x00000688        0x4 src/ASF/avr32/drivers/intc/intc.o
 .bss._int_line_handler_table_38
                0x0000068c        0x4 src/ASF/avr32/drivers/intc/intc.o
 .bss._int_line_handler_table_39
                0x00000690       0x18 src/ASF/avr32/drivers/intc/intc.o
 .bss._int_line_handler_table_40
                0x000006a8       0x18 src/ASF/avr32/drivers/intc/intc.o
 .bss._int_line_handler_table_29
                0x000006c0        0x4 src/ASF/avr32/drivers/intc/intc.o
 .bss._int_line_handler_table_30
                0x000006c4        0x4 src/ASF/avr32/drivers/intc/intc.o
 .bss._int_line_handler_table_31
                0x000006c8        0x4 src/ASF/avr32/drivers/intc/intc.o
 .bss._int_line_handler_table_41
                0x000006cc        0x4 src/ASF/avr32/drivers/intc/intc.o
 .bss._int_line_handler_table_32
                0x000006d0        0x4 src/ASF/avr32/drivers/intc/intc.o
 .bss._int_line_handler_table_45
                0x000006d4        0x4 src/ASF/avr32/drivers/intc/intc.o
 .bss._int_line_handler_table_20
                0x000006d8        0x4 src/ASF/avr32/drivers/intc/intc.o
 .bss._int_line_handler_table_21
                0x000006dc        0x4 src/ASF/avr32/drivers/intc/intc.o
 .bss._int_line_handler_table_22
                0x000006e0        0x4 src/ASF/avr32/drivers/intc/intc.o
 .bss._int_line_handler_table_23
                0x000006e4        0x4 src/ASF/avr32/drivers/intc/intc.o
 .bss._int_line_handler_table_24
                0x000006e8        0x4 src/ASF/avr32/drivers/intc/intc.o
 .bss._int_line_handler_table_25
                0x000006ec        0x4 src/ASF/avr32/drivers/intc/intc.o
 .bss._int_line_handler_table_26
                0x000006f0        0x4 src/ASF/avr32/drivers/intc/intc.o
 .bss._int_line_handler_table_27
                0x000006f4        0x4 src/ASF/avr32/drivers/intc/intc.o
 .bss._int_line_handler_table_28
                0x000006f8        0x4 src/ASF/avr32/drivers/intc/intc.o
 .bss._int_line_handler_table_42
                0x000006fc        0x4 src/ASF/avr32/drivers/intc/intc.o
 .bss._int_line_handler_table_43
                0x00000700        0x4 src/ASF/avr32/drivers/intc/intc.o
 .bss._int_line_handler_table_44
                0x00000704        0x4 src/ASF/avr32/drivers/intc/intc.o
 .bss._int_line_handler_table_46
                0x00000708        0x4 src/ASF/avr32/drivers/intc/intc.o
 .bss.xErrorHasOccurred.16035
                0x0000070c        0x4 src/ASF/thirdparty/freertos/demo/avr32_uc3_example/main.o
 .bss.lErrorOccurred.16068
                0x00000710        0x4 src/ASF/thirdparty/freertos/demo/avr32_uc3_example/main.o
 .bss.ucCurrentOutputValue
                0x00000714        0x1 src/ASF/thirdparty/freertos/demo/avr32_uc3_example/partest/ParTest.o
 *fill*         0x00000715        0x3 
 .bss.xCharsForTx
                0x00000718        0x4 src/ASF/thirdparty/freertos/demo/avr32_uc3_example/serial/serial.o
 .bss.xRxedChars
                0x0000071c        0x4 src/ASF/thirdparty/freertos/demo/avr32_uc3_example/serial/serial.o
 .bss.sBlockingProducerCount
                0x00000720        0x6 src/ASF/thirdparty/freertos/demo/common/minimal/BlockQ.o
 .bss.sLastBlockingConsumerCount.14695
                0x00000726        0x6 src/ASF/thirdparty/freertos/demo/common/minimal/BlockQ.o
 .bss.sBlockingConsumerCount
                0x0000072c        0x6 src/ASF/thirdparty/freertos/demo/common/minimal/BlockQ.o
 .bss.sLastBlockingProducerCount.14696
                0x00000732        0x6 src/ASF/thirdparty/freertos/demo/common/minimal/BlockQ.o
 .bss.uxRxLoops
                0x00000738        0x4 src/ASF/thirdparty/freertos/demo/common/minimal/comtest.o
 .bss.uxBaseLED
                0x0000073c        0x4 src/ASF/thirdparty/freertos/demo/common/minimal/comtest.o
 .bss.uxTasksRunningNow.14586
                0x00000740        0x4 src/ASF/thirdparty/freertos/demo/common/minimal/death.o
 .bss.usCreationCount
                0x00000744        0x2 src/ASF/thirdparty/freertos/demo/common/minimal/death.o
 *fill*         0x00000746        0x2 
 .bss.uxTasksRunningAtStart
                0x00000748        0x4 src/ASF/thirdparty/freertos/demo/common/minimal/death.o
 .bss.usCheckVariable
                0x0000074c        0x2 src/ASF/thirdparty/freertos/demo/common/minimal/dynamic.o
 *fill*         0x0000074e        0x2 
 .bss.xLimitedIncrementHandle
                0x00000750        0x4 src/ASF/thirdparty/freertos/demo/common/minimal/dynamic.o
 .bss.xSuspendedQueueReceiveError
                0x00000754        0x4 src/ASF/thirdparty/freertos/demo/common/minimal/dynamic.o
 .bss.xSuspendedQueueSendError
                0x00000758        0x4 src/ASF/thirdparty/freertos/demo/common/minimal/dynamic.o
 .bss.ulCounter
                0x0000075c        0x4 src/ASF/thirdparty/freertos/demo/common/minimal/dynamic.o
 .bss.ulReceivedValue.14690
                0x00000760        0x4 src/ASF/thirdparty/freertos/demo/common/minimal/dynamic.o
 .bss.usLastTaskCheck.14708
                0x00000764        0x2 src/ASF/thirdparty/freertos/demo/common/minimal/dynamic.o
 *fill*         0x00000766        0x2 
 .bss.xContinousIncrementHandle
                0x00000768        0x4 src/ASF/thirdparty/freertos/demo/common/minimal/dynamic.o
 .bss.ulValueToSend.14678
                0x0000076c        0x4 src/ASF/thirdparty/freertos/demo/common/minimal/dynamic.o
 .bss.ulExpectedValue.14689
                0x00000770        0x4 src/ASF/thirdparty/freertos/demo/common/minimal/dynamic.o
 .bss.uxFlashTaskNumber
                0x00000774        0x4 src/ASF/thirdparty/freertos/demo/common/minimal/flash.o
 .bss.usTaskCheck
                0x00000778       0x10 src/ASF/thirdparty/freertos/demo/common/minimal/flop.o
 .bss.usLastTaskCheck.15089
                0x00000788       0x10 src/ASF/thirdparty/freertos/demo/common/minimal/flop.o
 .bss.xTaskCheck
                0x00000798        0x4 src/ASF/thirdparty/freertos/demo/common/minimal/integer.o
 .bss.xPollingProducerCount
                0x0000079c        0x4 src/ASF/thirdparty/freertos/demo/common/minimal/PollQ.o
 .bss.xPollingConsumerCount
                0x000007a0        0x4 src/ASF/thirdparty/freertos/demo/common/minimal/PollQ.o
 .bss.xPolledQueue.14617
                0x000007a4        0x4 src/ASF/thirdparty/freertos/demo/common/minimal/PollQ.o
 .bss.sCheckVariables
                0x000007a8        0x8 src/ASF/thirdparty/freertos/demo/common/minimal/semtest.o
 .bss.sLastCheckVariables.14700
                0x000007b0        0x8 src/ASF/thirdparty/freertos/demo/common/minimal/semtest.o
 .bss.sNextCheckVariable
                0x000007b8        0x2 src/ASF/thirdparty/freertos/demo/common/minimal/semtest.o
 *fill*         0x000007ba        0x2 
 .bss.uxMissedTicks
                0x000007bc        0x4 src/ASF/thirdparty/freertos/freertos-7.0.0/source/tasks.o
 .bss.uxTopUsedPriority
                0x000007c0        0x4 src/ASF/thirdparty/freertos/freertos-7.0.0/source/tasks.o
 .bss.pxDelayedTaskList
                0x000007c4        0x4 src/ASF/thirdparty/freertos/freertos-7.0.0/source/tasks.o
 .bss.xSchedulerRunning
                0x000007c8        0x4 src/ASF/thirdparty/freertos/freertos-7.0.0/source/tasks.o
 .bss.uxTasksDeleted
                0x000007cc        0x4 src/ASF/thirdparty/freertos/freertos-7.0.0/source/tasks.o
 .bss.xNumOfOverflows
                0x000007d0        0x4 src/ASF/thirdparty/freertos/freertos-7.0.0/source/tasks.o
 .bss.pxOverflowDelayedTaskList
                0x000007d4        0x4 src/ASF/thirdparty/freertos/freertos-7.0.0/source/tasks.o
 .bss.pxReadyTasksLists
                0x000007d8       0xa0 src/ASF/thirdparty/freertos/freertos-7.0.0/source/tasks.o
 .bss.xTasksWaitingTermination
                0x00000878       0x14 src/ASF/thirdparty/freertos/freertos-7.0.0/source/tasks.o
 .bss.pxCurrentTCB
                0x0000088c        0x4 src/ASF/thirdparty/freertos/freertos-7.0.0/source/tasks.o
                0x0000088c                pxCurrentTCB
 .bss.xPendingReadyList
                0x00000890       0x14 src/ASF/thirdparty/freertos/freertos-7.0.0/source/tasks.o
 .bss.xDelayedTaskList1
                0x000008a4       0x14 src/ASF/thirdparty/freertos/freertos-7.0.0/source/tasks.o
 .bss.xTickCount
                0x000008b8        0x4 src/ASF/thirdparty/freertos/freertos-7.0.0/source/tasks.o
 .bss.uxSchedulerSuspended
                0x000008bc        0x4 src/ASF/thirdparty/freertos/freertos-7.0.0/source/tasks.o
 .bss.xDelayedTaskList2
                0x000008c0       0x14 src/ASF/thirdparty/freertos/freertos-7.0.0/source/tasks.o
 .bss.uxTaskNumber
                0x000008d4        0x4 src/ASF/thirdparty/freertos/freertos-7.0.0/source/tasks.o
 .bss.uxCurrentNumberOfTasks
                0x000008d8        0x4 src/ASF/thirdparty/freertos/freertos-7.0.0/source/tasks.o
 .bss.xMissedYield
                0x000008dc        0x4 src/ASF/thirdparty/freertos/freertos-7.0.0/source/tasks.o
 .bss.xSuspendedTaskList
                0x000008e0       0x14 src/ASF/thirdparty/freertos/freertos-7.0.0/source/tasks.o
 .bss.uxTopReadyPriority
                0x000008f4        0x4 src/ASF/thirdparty/freertos/freertos-7.0.0/source/tasks.o
 .bss.__malloc_max_total_mem
                0x000008f8        0x4 c:/program files (x86)/atmel/studio/7.0/toolchain/avr32/avr32-gnu-toolchain/bin/../lib/gcc/avr32/4.4.7/../../../../avr32/lib/ucr3fp\libc.a(lib_a-mallocr.o)
                0x000008f8                __malloc_max_total_mem
 .bss.__malloc_max_sbrked_mem
                0x000008fc        0x4 c:/program files (x86)/atmel/studio/7.0/toolchain/avr32/avr32-gnu-toolchain/bin/../lib/gcc/avr32/4.4.7/../../../../avr32/lib/ucr3fp\libc.a(lib_a-mallocr.o)
                0x000008fc                __malloc_max_sbrked_mem
 .bss.__malloc_top_pad
                0x00000900        0x4 c:/program files (x86)/atmel/studio/7.0/toolchain/avr32/avr32-gnu-toolchain/bin/../lib/gcc/avr32/4.4.7/../../../../avr32/lib/ucr3fp\libc.a(lib_a-mallocr.o)
                0x00000900                __malloc_top_pad
 .bss.__malloc_current_mallinfo
                0x00000904       0x28 c:/program files (x86)/atmel/studio/7.0/toolchain/avr32/avr32-gnu-toolchain/bin/../lib/gcc/avr32/4.4.7/../../../../avr32/lib/ucr3fp\libc.a(lib_a-mallocr.o)
                0x00000904                __malloc_current_mallinfo
 .bss.cur_heap_pos.1869
                0x0000092c        0x4 c:/program files (x86)/atmel/studio/7.0/toolchain/avr32/avr32-gnu-toolchain/bin/../lib/gcc/avr32/4.4.7/../../../../avr32/lib/ucr3fp\libc.a(lib_a-syscalls.o)
 *(COMMON)
 COMMON         0x00000930        0x4 src/ASF/thirdparty/freertos/demo/common/minimal/death.o
                0x00000930                xCreatedTask
 COMMON         0x00000934        0x4 src/ASF/thirdparty/freertos/demo/common/minimal/dynamic.o
                0x00000934                xSuspendedTestQueue
 COMMON         0x00000938        0x4 c:/program files (x86)/atmel/studio/7.0/toolchain/avr32/avr32-gnu-toolchain/bin/../lib/gcc/avr32/4.4.7/../../../../avr32/lib/ucr3fp\libc.a(lib_a-reent.o)
                0x00000938                errno
                0x00000940                . = ALIGN (0x8)
 *fill*         0x0000093c        0x4 
                0x00000940                . = ALIGN (0x8)
                0x00000940                _end = .
                0x00000940                PROVIDE (end, .)
                0x00000940                __heap_start__ = ALIGN (0x8)

.heap           0x00000940     0xe6c0
 *(.heap)
                0x0000e6c0                . = (__heap_size__ == __max_heap_size__)?(((ORIGIN (INTRAM) + 0xfffc) - __stack_size__) - ABSOLUTE (.)):__heap_size__
 *fill*         0x00000940     0xe6c0 
                0x0000f000                __heap_end__ = .

.stab
 *(.stab)

.stabstr
 *(.stabstr)

.stab.excl
 *(.stab.excl)

.stab.exclstr
 *(.stab.exclstr)

.stab.index
 *(.stab.index)

.stab.indexstr
 *(.stab.indexstr)

.comment        0x00000000       0x30
 *(.comment)
 .comment       0x00000000       0x30 c:/program files (x86)/atmel/studio/7.0/toolchain/avr32/avr32-gnu-toolchain/bin/../lib/gcc/avr32/4.4.7/ucr3fp/crtbegin.o
                                 0x31 (size before relaxing)
 .comment       0x00000000       0x31 src/ASF/avr32/boards/uc3c_ek/led.o
 .comment       0x00000000       0x31 src/ASF/avr32/drivers/flashc/flashc.o
 .comment       0x00000000       0x31 src/ASF/avr32/drivers/gpio/gpio.o
 .comment       0x00000000       0x31 src/ASF/avr32/drivers/intc/intc.o
 .comment       0x00000000       0x31 src/ASF/avr32/drivers/pm/pm_uc3c.o
 .comment       0x00000000       0x31 src/ASF/avr32/drivers/pm/power_clocks_lib.o
 .comment       0x00000000       0x31 src/ASF/avr32/drivers/scif/scif_uc3c.o
 .comment       0x00000000       0x31 src/ASF/avr32/drivers/usart/usart.o
 .comment       0x00000000       0x31 src/ASF/thirdparty/freertos/demo/avr32_uc3_example/main.o
 .comment       0x00000000       0x31 src/ASF/thirdparty/freertos/demo/avr32_uc3_example/partest/ParTest.o
 .comment       0x00000000       0x31 src/ASF/thirdparty/freertos/demo/avr32_uc3_example/serial/serial.o
 .comment       0x00000000       0x31 src/ASF/thirdparty/freertos/demo/common/minimal/BlockQ.o
 .comment       0x00000000       0x31 src/ASF/thirdparty/freertos/demo/common/minimal/comtest.o
 .comment       0x00000000       0x31 src/ASF/thirdparty/freertos/demo/common/minimal/death.o
 .comment       0x00000000       0x31 src/ASF/thirdparty/freertos/demo/common/minimal/dynamic.o
 .comment       0x00000000       0x31 src/ASF/thirdparty/freertos/demo/common/minimal/flash.o
 .comment       0x00000000       0x31 src/ASF/thirdparty/freertos/demo/common/minimal/flop.o
 .comment       0x00000000       0x31 src/ASF/thirdparty/freertos/demo/common/minimal/integer.o
 .comment       0x00000000       0x31 src/ASF/thirdparty/freertos/demo/common/minimal/PollQ.o
 .comment       0x00000000       0x31 src/ASF/thirdparty/freertos/demo/common/minimal/semtest.o
 .comment       0x00000000       0x31 src/ASF/thirdparty/freertos/freertos-7.0.0/source/list.o
 .comment       0x00000000       0x31 src/ASF/thirdparty/freertos/freertos-7.0.0/source/portable/gcc/avr32_uc3/port.o
 .comment       0x00000000       0x31 src/ASF/thirdparty/freertos/freertos-7.0.0/source/portable/memmang/heap_3.o
 .comment       0x00000000       0x31 src/ASF/thirdparty/freertos/freertos-7.0.0/source/queue.o
 .comment       0x00000000       0x31 src/ASF/thirdparty/freertos/freertos-7.0.0/source/tasks.o
 .comment       0x00000000       0x31 c:/program files (x86)/atmel/studio/7.0/toolchain/avr32/avr32-gnu-toolchain/bin/../lib/gcc/avr32/4.4.7/../../../../avr32/lib/ucr3fp\libc.a(lib_a-atexit.o)
 .comment       0x00000000       0x31 c:/program files (x86)/atmel/studio/7.0/toolchain/avr32/avr32-gnu-toolchain/bin/../lib/gcc/avr32/4.4.7/../../../../avr32/lib/ucr3fp\libc.a(lib_a-exit.o)
 .comment       0x00000000       0x31 c:/program files (x86)/atmel/studio/7.0/toolchain/avr32/avr32-gnu-toolchain/bin/../lib/gcc/avr32/4.4.7/../../../../avr32/lib/ucr3fp\libc.a(lib_a-impure.o)
 .comment       0x00000000       0x31 c:/program files (x86)/atmel/studio/7.0/toolchain/avr32/avr32-gnu-toolchain/bin/../lib/gcc/avr32/4.4.7/../../../../avr32/lib/ucr3fp\libc.a(lib_a-malloc.o)
 .comment       0x00000000       0x31 c:/program files (x86)/atmel/studio/7.0/toolchain/avr32/avr32-gnu-toolchain/bin/../lib/gcc/avr32/4.4.7/../../../../avr32/lib/ucr3fp\libc.a(lib_a-mallocr.o)
 .comment       0x00000000       0x31 c:/program files (x86)/atmel/studio/7.0/toolchain/avr32/avr32-gnu-toolchain/bin/../lib/gcc/avr32/4.4.7/../../../../avr32/lib/ucr3fp\libc.a(lib_a-memset.o)
 .comment       0x00000000       0x31 c:/program files (x86)/atmel/studio/7.0/toolchain/avr32/avr32-gnu-toolchain/bin/../lib/gcc/avr32/4.4.7/../../../../avr32/lib/ucr3fp\libc.a(lib_a-sbrkr.o)
 .comment       0x00000000       0x31 c:/program files (x86)/atmel/studio/7.0/toolchain/avr32/avr32-gnu-toolchain/bin/../lib/gcc/avr32/4.4.7/../../../../avr32/lib/ucr3fp\libc.a(lib_a-syscalls.o)
 .comment       0x00000000       0x31 c:/program files (x86)/atmel/studio/7.0/toolchain/avr32/avr32-gnu-toolchain/bin/../lib/gcc/avr32/4.4.7/../../../../avr32/lib/ucr3fp\libc.a(lib_a-__atexit.o)
 .comment       0x00000000       0x31 c:/program files (x86)/atmel/studio/7.0/toolchain/avr32/avr32-gnu-toolchain/bin/../lib/gcc/avr32/4.4.7/../../../../avr32/lib/ucr3fp\libc.a(lib_a-__call_atexit.o)
 .comment       0x00000000       0x31 c:/program files (x86)/atmel/studio/7.0/toolchain/avr32/avr32-gnu-toolchain/bin/../lib/gcc/avr32/4.4.7/../../../../avr32/lib/ucr3fp\libc.a(lib_a-errno.o)
 .comment       0x00000000       0x31 c:/program files (x86)/atmel/studio/7.0/toolchain/avr32/avr32-gnu-toolchain/bin/../lib/gcc/avr32/4.4.7/../../../../avr32/lib/ucr3fp\libc.a(lib_a-findfp.o)
 .comment       0x00000000       0x31 c:/program files (x86)/atmel/studio/7.0/toolchain/avr32/avr32-gnu-toolchain/bin/../lib/gcc/avr32/4.4.7/../../../../avr32/lib/ucr3fp\libc.a(lib_a-freer.o)
 .comment       0x00000000       0x31 c:/program files (x86)/atmel/studio/7.0/toolchain/avr32/avr32-gnu-toolchain/bin/../lib/gcc/avr32/4.4.7/../../../../avr32/lib/ucr3fp\libc.a(lib_a-reent.o)
 .comment       0x00000000       0x31 c:/program files (x86)/atmel/studio/7.0/toolchain/avr32/avr32-gnu-toolchain/bin/../lib/gcc/avr32/4.4.7/ucr3fp/crtend.o

.debug
 *(.debug)

.line
 *(.line)

.debug_srcinfo
 *(.debug_srcinfo)

.debug_sfnames
 *(.debug_sfnames)

.debug_aranges  0x00000000      0xf08
 *(.debug_aranges)
 .debug_aranges
                0x00000000       0x78 src/ASF/avr32/boards/uc3c_ek/led.o
 .debug_aranges
                0x00000078      0x220 src/ASF/avr32/drivers/flashc/flashc.o
 .debug_aranges
                0x00000298      0x120 src/ASF/avr32/drivers/gpio/gpio.o
 .debug_aranges
                0x000003b8       0x38 src/ASF/avr32/drivers/intc/intc.o
 .debug_aranges
                0x000003f0       0x50 src/ASF/avr32/drivers/pm/pm_uc3c.o
 .debug_aranges
                0x00000440       0x40 src/ASF/avr32/drivers/pm/power_clocks_lib.o
 .debug_aranges
                0x00000480      0x168 src/ASF/avr32/drivers/scif/scif_uc3c.o
 .debug_aranges
                0x000005e8       0xe0 src/ASF/avr32/drivers/usart/usart.o
 .debug_aranges
                0x000006c8       0x20 src/ASF/avr32/utils/startup/trampoline_uc3.o
 .debug_aranges
                0x000006e8       0x38 src/ASF/thirdparty/freertos/demo/avr32_uc3_example/main.o
 .debug_aranges
                0x00000720       0x30 src/ASF/thirdparty/freertos/demo/avr32_uc3_example/partest/ParTest.o
 .debug_aranges
                0x00000750       0x50 src/ASF/thirdparty/freertos/demo/avr32_uc3_example/serial/serial.o
 .debug_aranges
                0x000007a0       0x38 src/ASF/thirdparty/freertos/demo/common/minimal/BlockQ.o
 .debug_aranges
                0x000007d8       0x38 src/ASF/thirdparty/freertos/demo/common/minimal/comtest.o
 .debug_aranges
                0x00000810       0x38 src/ASF/thirdparty/freertos/demo/common/minimal/death.o
 .debug_aranges
                0x00000848       0x50 src/ASF/thirdparty/freertos/demo/common/minimal/dynamic.o
 .debug_aranges
                0x00000898       0x28 src/ASF/thirdparty/freertos/demo/common/minimal/flash.o
 .debug_aranges
                0x000008c0       0x48 src/ASF/thirdparty/freertos/demo/common/minimal/flop.o
 .debug_aranges
                0x00000908       0x30 src/ASF/thirdparty/freertos/demo/common/minimal/integer.o
 .debug_aranges
                0x00000938       0x38 src/ASF/thirdparty/freertos/demo/common/minimal/PollQ.o
 .debug_aranges
                0x00000970       0x30 src/ASF/thirdparty/freertos/demo/common/minimal/semtest.o
 .debug_aranges
                0x000009a0       0x40 src/ASF/thirdparty/freertos/freertos-7.0.0/source/list.o
 .debug_aranges
                0x000009e0       0x20 src/ASF/thirdparty/freertos/freertos-7.0.0/source/portable/gcc/avr32_uc3/exception.o
 .debug_aranges
                0x00000a00       0x78 src/ASF/thirdparty/freertos/freertos-7.0.0/source/portable/gcc/avr32_uc3/port.o
 .debug_aranges
                0x00000a78       0x28 src/ASF/thirdparty/freertos/freertos-7.0.0/source/portable/memmang/heap_3.o
 .debug_aranges
                0x00000aa0       0x80 src/ASF/thirdparty/freertos/freertos-7.0.0/source/queue.o
 .debug_aranges
                0x00000b20       0xf0 src/ASF/thirdparty/freertos/freertos-7.0.0/source/tasks.o
 .debug_aranges
                0x00000c10       0x20 c:/program files (x86)/atmel/studio/7.0/toolchain/avr32/avr32-gnu-toolchain/bin/../lib/gcc/avr32/4.4.7/../../../../avr32/lib/ucr3fp\libc.a(lib_a-atexit.o)
 .debug_aranges
                0x00000c30       0x20 c:/program files (x86)/atmel/studio/7.0/toolchain/avr32/avr32-gnu-toolchain/bin/../lib/gcc/avr32/4.4.7/../../../../avr32/lib/ucr3fp\libc.a(lib_a-exit.o)
 .debug_aranges
                0x00000c50       0x28 c:/program files (x86)/atmel/studio/7.0/toolchain/avr32/avr32-gnu-toolchain/bin/../lib/gcc/avr32/4.4.7/../../../../avr32/lib/ucr3fp\libc.a(lib_a-malloc.o)
 .debug_aranges
                0x00000c78       0x20 c:/program files (x86)/atmel/studio/7.0/toolchain/avr32/avr32-gnu-toolchain/bin/../lib/gcc/avr32/4.4.7/../../../../avr32/lib/ucr3fp\libc.a(lib_a-mallocr.o)
 .debug_aranges
                0x00000c98       0x20 c:/program files (x86)/atmel/studio/7.0/toolchain/avr32/avr32-gnu-toolchain/bin/../lib/gcc/avr32/4.4.7/../../../../avr32/lib/ucr3fp\libc.a(lib_a-memset.o)
 .debug_aranges
                0x00000cb8       0x20 c:/program files (x86)/atmel/studio/7.0/toolchain/avr32/avr32-gnu-toolchain/bin/../lib/gcc/avr32/4.4.7/../../../../avr32/lib/ucr3fp\libc.a(lib_a-sbrkr.o)
 .debug_aranges
                0x00000cd8       0xf8 c:/program files (x86)/atmel/studio/7.0/toolchain/avr32/avr32-gnu-toolchain/bin/../lib/gcc/avr32/4.4.7/../../../../avr32/lib/ucr3fp\libc.a(lib_a-syscalls.o)
 .debug_aranges
                0x00000dd0       0x20 c:/program files (x86)/atmel/studio/7.0/toolchain/avr32/avr32-gnu-toolchain/bin/../lib/gcc/avr32/4.4.7/../../../../avr32/lib/ucr3fp\libc.a(lib_a-__atexit.o)
 .debug_aranges
                0x00000df0       0x20 c:/program files (x86)/atmel/studio/7.0/toolchain/avr32/avr32-gnu-toolchain/bin/../lib/gcc/avr32/4.4.7/../../../../avr32/lib/ucr3fp\libc.a(lib_a-__call_atexit.o)
 .debug_aranges
                0x00000e10       0x20 c:/program files (x86)/atmel/studio/7.0/toolchain/avr32/avr32-gnu-toolchain/bin/../lib/gcc/avr32/4.4.7/../../../../avr32/lib/ucr3fp\libc.a(lib_a-errno.o)
 .debug_aranges
                0x00000e30       0x80 c:/program files (x86)/atmel/studio/7.0/toolchain/avr32/avr32-gnu-toolchain/bin/../lib/gcc/avr32/4.4.7/../../../../avr32/lib/ucr3fp\libc.a(lib_a-findfp.o)
 .debug_aranges
                0x00000eb0       0x28 c:/program files (x86)/atmel/studio/7.0/toolchain/avr32/avr32-gnu-toolchain/bin/../lib/gcc/avr32/4.4.7/../../../../avr32/lib/ucr3fp\libc.a(lib_a-freer.o)
 .debug_aranges
                0x00000ed8       0x30 c:/program files (x86)/atmel/studio/7.0/toolchain/avr32/avr32-gnu-toolchain/bin/../lib/gcc/avr32/4.4.7/../../../../avr32/lib/ucr3fp\libc.a(lib_a-reent.o)

.debug_pubnames
                0x00000000     0x21c7
 *(.debug_pubnames)
 .debug_pubnames
                0x00000000       0xf6 src/ASF/avr32/boards/uc3c_ek/led.o
 .debug_pubnames
                0x000000f6      0x79d src/ASF/avr32/drivers/flashc/flashc.o
 .debug_pubnames
                0x00000893      0x3aa src/ASF/avr32/drivers/gpio/gpio.o
 .debug_pubnames
                0x00000c3d       0x62 src/ASF/avr32/drivers/intc/intc.o
 .debug_pubnames
                0x00000c9f       0xc3 src/ASF/avr32/drivers/pm/pm_uc3c.o
 .debug_pubnames
                0x00000d62       0x82 src/ASF/avr32/drivers/pm/power_clocks_lib.o
 .debug_pubnames
                0x00000de4      0x3f6 src/ASF/avr32/drivers/scif/scif_uc3c.o
 .debug_pubnames
                0x000011da      0x227 src/ASF/avr32/drivers/usart/usart.o
 .debug_pubnames
                0x00001401       0x1b src/ASF/thirdparty/freertos/demo/avr32_uc3_example/main.o
 .debug_pubnames
                0x0000141c       0x52 src/ASF/thirdparty/freertos/demo/avr32_uc3_example/partest/ParTest.o
 .debug_pubnames
                0x0000146e       0x79 src/ASF/thirdparty/freertos/demo/avr32_uc3_example/serial/serial.o
 .debug_pubnames
                0x000014e7       0x52 src/ASF/thirdparty/freertos/demo/common/minimal/BlockQ.o
 .debug_pubnames
                0x00001539       0x4d src/ASF/thirdparty/freertos/demo/common/minimal/comtest.o
 .debug_pubnames
                0x00001586       0x5a src/ASF/thirdparty/freertos/demo/common/minimal/death.o
 .debug_pubnames
                0x000015e0       0x72 src/ASF/thirdparty/freertos/demo/common/minimal/dynamic.o
 .debug_pubnames
                0x00001652       0x2a src/ASF/thirdparty/freertos/demo/common/minimal/flash.o
 .debug_pubnames
                0x0000167c       0x44 src/ASF/thirdparty/freertos/demo/common/minimal/flop.o
 .debug_pubnames
                0x000016c0       0x52 src/ASF/thirdparty/freertos/demo/common/minimal/integer.o
 .debug_pubnames
                0x00001712       0x4f src/ASF/thirdparty/freertos/demo/common/minimal/PollQ.o
 .debug_pubnames
                0x00001761       0x4e src/ASF/thirdparty/freertos/demo/common/minimal/semtest.o
 .debug_pubnames
                0x000017af       0x71 src/ASF/thirdparty/freertos/freertos-7.0.0/source/list.o
 .debug_pubnames
                0x00001820       0xf6 src/ASF/thirdparty/freertos/freertos-7.0.0/source/portable/gcc/avr32_uc3/port.o
 .debug_pubnames
                0x00001916       0x31 src/ASF/thirdparty/freertos/freertos-7.0.0/source/portable/memmang/heap_3.o
 .debug_pubnames
                0x00001947      0x111 src/ASF/thirdparty/freertos/freertos-7.0.0/source/queue.o
 .debug_pubnames
                0x00001a58      0x253 src/ASF/thirdparty/freertos/freertos-7.0.0/source/tasks.o
 .debug_pubnames
                0x00001cab       0x1d c:/program files (x86)/atmel/studio/7.0/toolchain/avr32/avr32-gnu-toolchain/bin/../lib/gcc/avr32/4.4.7/../../../../avr32/lib/ucr3fp\libc.a(lib_a-atexit.o)
 .debug_pubnames
                0x00001cc8       0x1b c:/program files (x86)/atmel/studio/7.0/toolchain/avr32/avr32-gnu-toolchain/bin/../lib/gcc/avr32/4.4.7/../../../../avr32/lib/ucr3fp\libc.a(lib_a-exit.o)
 .debug_pubnames
                0x00001ce3       0x39 c:/program files (x86)/atmel/studio/7.0/toolchain/avr32/avr32-gnu-toolchain/bin/../lib/gcc/avr32/4.4.7/../../../../avr32/lib/ucr3fp\libc.a(lib_a-impure.o)
 .debug_pubnames
                0x00001d1c       0x26 c:/program files (x86)/atmel/studio/7.0/toolchain/avr32/avr32-gnu-toolchain/bin/../lib/gcc/avr32/4.4.7/../../../../avr32/lib/ucr3fp\libc.a(lib_a-malloc.o)
 .debug_pubnames
                0x00001d42       0xce c:/program files (x86)/atmel/studio/7.0/toolchain/avr32/avr32-gnu-toolchain/bin/../lib/gcc/avr32/4.4.7/../../../../avr32/lib/ucr3fp\libc.a(lib_a-mallocr.o)
 .debug_pubnames
                0x00001e10       0x1d c:/program files (x86)/atmel/studio/7.0/toolchain/avr32/avr32-gnu-toolchain/bin/../lib/gcc/avr32/4.4.7/../../../../avr32/lib/ucr3fp\libc.a(lib_a-memset.o)
 .debug_pubnames
                0x00001e2d       0x1e c:/program files (x86)/atmel/studio/7.0/toolchain/avr32/avr32-gnu-toolchain/bin/../lib/gcc/avr32/4.4.7/../../../../avr32/lib/ucr3fp\libc.a(lib_a-sbrkr.o)
 .debug_pubnames
                0x00001e4b      0x171 c:/program files (x86)/atmel/studio/7.0/toolchain/avr32/avr32-gnu-toolchain/bin/../lib/gcc/avr32/4.4.7/../../../../avr32/lib/ucr3fp\libc.a(lib_a-syscalls.o)
 .debug_pubnames
                0x00001fbc       0x2a c:/program files (x86)/atmel/studio/7.0/toolchain/avr32/avr32-gnu-toolchain/bin/../lib/gcc/avr32/4.4.7/../../../../avr32/lib/ucr3fp\libc.a(lib_a-__atexit.o)
 .debug_pubnames
                0x00001fe6       0x27 c:/program files (x86)/atmel/studio/7.0/toolchain/avr32/avr32-gnu-toolchain/bin/../lib/gcc/avr32/4.4.7/../../../../avr32/lib/ucr3fp\libc.a(lib_a-__call_atexit.o)
 .debug_pubnames
                0x0000200d       0x1e c:/program files (x86)/atmel/studio/7.0/toolchain/avr32/avr32-gnu-toolchain/bin/../lib/gcc/avr32/4.4.7/../../../../avr32/lib/ucr3fp\libc.a(lib_a-errno.o)
 .debug_pubnames
                0x0000202b      0x119 c:/program files (x86)/atmel/studio/7.0/toolchain/avr32/avr32-gnu-toolchain/bin/../lib/gcc/avr32/4.4.7/../../../../avr32/lib/ucr3fp\libc.a(lib_a-findfp.o)
 .debug_pubnames
                0x00002144       0x31 c:/program files (x86)/atmel/studio/7.0/toolchain/avr32/avr32-gnu-toolchain/bin/../lib/gcc/avr32/4.4.7/../../../../avr32/lib/ucr3fp\libc.a(lib_a-freer.o)
 .debug_pubnames
                0x00002175       0x52 c:/program files (x86)/atmel/studio/7.0/toolchain/avr32/avr32-gnu-toolchain/bin/../lib/gcc/avr32/4.4.7/../../../../avr32/lib/ucr3fp\libc.a(lib_a-reent.o)

.debug_info     0x00000000    0x18073
 *(.debug_info .gnu.linkonce.wi.*)
 .debug_info    0x00000000      0xaba src/ASF/avr32/boards/uc3c_ek/led.o
 .debug_info    0x00000aba     0x1d67 src/ASF/avr32/drivers/flashc/flashc.o
 .debug_info    0x00002821      0xf51 src/ASF/avr32/drivers/gpio/gpio.o
 .debug_info    0x00003772      0x836 src/ASF/avr32/drivers/intc/intc.o
 .debug_info    0x00003fa8     0x1028 src/ASF/avr32/drivers/pm/pm_uc3c.o
 .debug_info    0x00004fd0      0x58f src/ASF/avr32/drivers/pm/power_clocks_lib.o
 .debug_info    0x0000555f     0x1caa src/ASF/avr32/drivers/scif/scif_uc3c.o
 .debug_info    0x00007209     0x3169 src/ASF/avr32/drivers/usart/usart.o
 .debug_info    0x0000a372       0xb3 src/ASF/avr32/utils/startup/trampoline_uc3.o
 .debug_info    0x0000a425      0x215 src/ASF/thirdparty/freertos/demo/avr32_uc3_example/main.o
 .debug_info    0x0000a63a      0x139 src/ASF/thirdparty/freertos/demo/avr32_uc3_example/partest/ParTest.o
 .debug_info    0x0000a773     0x2986 src/ASF/thirdparty/freertos/demo/avr32_uc3_example/serial/serial.o
 .debug_info    0x0000d0f9      0x2ee src/ASF/thirdparty/freertos/demo/common/minimal/BlockQ.o
 .debug_info    0x0000d3e7      0x1f7 src/ASF/thirdparty/freertos/demo/common/minimal/comtest.o
 .debug_info    0x0000d5de      0x22b src/ASF/thirdparty/freertos/demo/common/minimal/death.o
 .debug_info    0x0000d809      0x2e9 src/ASF/thirdparty/freertos/demo/common/minimal/dynamic.o
 .debug_info    0x0000daf2      0x13c src/ASF/thirdparty/freertos/demo/common/minimal/flash.o
 .debug_info    0x0000dc2e      0x3a0 src/ASF/thirdparty/freertos/demo/common/minimal/flop.o
 .debug_info    0x0000dfce      0x17f src/ASF/thirdparty/freertos/demo/common/minimal/integer.o
 .debug_info    0x0000e14d      0x1d1 src/ASF/thirdparty/freertos/demo/common/minimal/PollQ.o
 .debug_info    0x0000e31e      0x263 src/ASF/thirdparty/freertos/demo/common/minimal/semtest.o
 .debug_info    0x0000e581      0x2b9 src/ASF/thirdparty/freertos/freertos-7.0.0/source/list.o
 .debug_info    0x0000e83a       0xdb src/ASF/thirdparty/freertos/freertos-7.0.0/source/portable/gcc/avr32_uc3/exception.o
 .debug_info    0x0000e915      0xac4 src/ASF/thirdparty/freertos/freertos-7.0.0/source/portable/gcc/avr32_uc3/port.o
 .debug_info    0x0000f3d9       0xfc src/ASF/thirdparty/freertos/freertos-7.0.0/source/portable/memmang/heap_3.o
 .debug_info    0x0000f4d5      0x786 src/ASF/thirdparty/freertos/freertos-7.0.0/source/queue.o
 .debug_info    0x0000fc5b      0xd42 src/ASF/thirdparty/freertos/freertos-7.0.0/source/tasks.o
 .debug_info    0x0001099d       0xc5 c:/program files (x86)/atmel/studio/7.0/toolchain/avr32/avr32-gnu-toolchain/bin/../lib/gcc/avr32/4.4.7/../../../../avr32/lib/ucr3fp\libc.a(lib_a-atexit.o)
 .debug_info    0x00010a62      0x8b7 c:/program files (x86)/atmel/studio/7.0/toolchain/avr32/avr32-gnu-toolchain/bin/../lib/gcc/avr32/4.4.7/../../../../avr32/lib/ucr3fp\libc.a(lib_a-exit.o)
 .debug_info    0x00011319      0x960 c:/program files (x86)/atmel/studio/7.0/toolchain/avr32/avr32-gnu-toolchain/bin/../lib/gcc/avr32/4.4.7/../../../../avr32/lib/ucr3fp\libc.a(lib_a-impure.o)
 .debug_info    0x00011c79      0x8ea c:/program files (x86)/atmel/studio/7.0/toolchain/avr32/avr32-gnu-toolchain/bin/../lib/gcc/avr32/4.4.7/../../../../avr32/lib/ucr3fp\libc.a(lib_a-malloc.o)
 .debug_info    0x00012563      0xc4e c:/program files (x86)/atmel/studio/7.0/toolchain/avr32/avr32-gnu-toolchain/bin/../lib/gcc/avr32/4.4.7/../../../../avr32/lib/ucr3fp\libc.a(lib_a-mallocr.o)
 .debug_info    0x000131b1       0xcd c:/program files (x86)/atmel/studio/7.0/toolchain/avr32/avr32-gnu-toolchain/bin/../lib/gcc/avr32/4.4.7/../../../../avr32/lib/ucr3fp\libc.a(lib_a-memset.o)
 .debug_info    0x0001327e      0x8de c:/program files (x86)/atmel/studio/7.0/toolchain/avr32/avr32-gnu-toolchain/bin/../lib/gcc/avr32/4.4.7/../../../../avr32/lib/ucr3fp\libc.a(lib_a-sbrkr.o)
 .debug_info    0x00013b5c      0x93a c:/program files (x86)/atmel/studio/7.0/toolchain/avr32/avr32-gnu-toolchain/bin/../lib/gcc/avr32/4.4.7/../../../../avr32/lib/ucr3fp\libc.a(lib_a-syscalls.o)
 .debug_info    0x00014496      0x92c c:/program files (x86)/atmel/studio/7.0/toolchain/avr32/avr32-gnu-toolchain/bin/../lib/gcc/avr32/4.4.7/../../../../avr32/lib/ucr3fp\libc.a(lib_a-__atexit.o)
 .debug_info    0x00014dc2      0x931 c:/program files (x86)/atmel/studio/7.0/toolchain/avr32/avr32-gnu-toolchain/bin/../lib/gcc/avr32/4.4.7/../../../../avr32/lib/ucr3fp\libc.a(lib_a-__call_atexit.o)
 .debug_info    0x000156f3      0x8a6 c:/program files (x86)/atmel/studio/7.0/toolchain/avr32/avr32-gnu-toolchain/bin/../lib/gcc/avr32/4.4.7/../../../../avr32/lib/ucr3fp\libc.a(lib_a-errno.o)
 .debug_info    0x00015f99      0xc2a c:/program files (x86)/atmel/studio/7.0/toolchain/avr32/avr32-gnu-toolchain/bin/../lib/gcc/avr32/4.4.7/../../../../avr32/lib/ucr3fp\libc.a(lib_a-findfp.o)
 .debug_info    0x00016bc3      0xb3d c:/program files (x86)/atmel/studio/7.0/toolchain/avr32/avr32-gnu-toolchain/bin/../lib/gcc/avr32/4.4.7/../../../../avr32/lib/ucr3fp\libc.a(lib_a-freer.o)
 .debug_info    0x00017700      0x973 c:/program files (x86)/atmel/studio/7.0/toolchain/avr32/avr32-gnu-toolchain/bin/../lib/gcc/avr32/4.4.7/../../../../avr32/lib/ucr3fp\libc.a(lib_a-reent.o)

.debug_abbrev   0x00000000     0x3f91
 *(.debug_abbrev)
 .debug_abbrev  0x00000000      0x272 src/ASF/avr32/boards/uc3c_ek/led.o
 .debug_abbrev  0x00000272      0x331 src/ASF/avr32/drivers/flashc/flashc.o
 .debug_abbrev  0x000005a3      0x2f4 src/ASF/avr32/drivers/gpio/gpio.o
 .debug_abbrev  0x00000897      0x1f2 src/ASF/avr32/drivers/intc/intc.o
 .debug_abbrev  0x00000a89      0x1f0 src/ASF/avr32/drivers/pm/pm_uc3c.o
 .debug_abbrev  0x00000c79      0x191 src/ASF/avr32/drivers/pm/power_clocks_lib.o
 .debug_abbrev  0x00000e0a      0x30c src/ASF/avr32/drivers/scif/scif_uc3c.o
 .debug_abbrev  0x00001116      0x33a src/ASF/avr32/drivers/usart/usart.o
 .debug_abbrev  0x00001450       0x14 src/ASF/avr32/utils/startup/trampoline_uc3.o
 .debug_abbrev  0x00001464      0x131 src/ASF/thirdparty/freertos/demo/avr32_uc3_example/main.o
 .debug_abbrev  0x00001595       0xa4 src/ASF/thirdparty/freertos/demo/avr32_uc3_example/partest/ParTest.o
 .debug_abbrev  0x00001639      0x28f src/ASF/thirdparty/freertos/demo/avr32_uc3_example/serial/serial.o
 .debug_abbrev  0x000018c8      0x120 src/ASF/thirdparty/freertos/demo/common/minimal/BlockQ.o
 .debug_abbrev  0x000019e8       0xf4 src/ASF/thirdparty/freertos/demo/common/minimal/comtest.o
 .debug_abbrev  0x00001adc      0x110 src/ASF/thirdparty/freertos/demo/common/minimal/death.o
 .debug_abbrev  0x00001bec      0x11e src/ASF/thirdparty/freertos/demo/common/minimal/dynamic.o
 .debug_abbrev  0x00001d0a       0x9c src/ASF/thirdparty/freertos/demo/common/minimal/flash.o
 .debug_abbrev  0x00001da6      0x151 src/ASF/thirdparty/freertos/demo/common/minimal/flop.o
 .debug_abbrev  0x00001ef7       0xdf src/ASF/thirdparty/freertos/demo/common/minimal/integer.o
 .debug_abbrev  0x00001fd6       0xc4 src/ASF/thirdparty/freertos/demo/common/minimal/PollQ.o
 .debug_abbrev  0x0000209a      0x13c src/ASF/thirdparty/freertos/demo/common/minimal/semtest.o
 .debug_abbrev  0x000021d6       0xdb src/ASF/thirdparty/freertos/freertos-7.0.0/source/list.o
 .debug_abbrev  0x000022b1       0x14 src/ASF/thirdparty/freertos/freertos-7.0.0/source/portable/gcc/avr32_uc3/exception.o
 .debug_abbrev  0x000022c5      0x2aa src/ASF/thirdparty/freertos/freertos-7.0.0/source/portable/gcc/avr32_uc3/port.o
 .debug_abbrev  0x0000256f       0xa4 src/ASF/thirdparty/freertos/freertos-7.0.0/source/portable/memmang/heap_3.o
 .debug_abbrev  0x00002613      0x1ae src/ASF/thirdparty/freertos/freertos-7.0.0/source/queue.o
 .debug_abbrev  0x000027c1      0x269 src/ASF/thirdparty/freertos/freertos-7.0.0/source/tasks.o
 .debug_abbrev  0x00002a2a       0x81 c:/program files (x86)/atmel/studio/7.0/toolchain/avr32/avr32-gnu-toolchain/bin/../lib/gcc/avr32/4.4.7/../../../../avr32/lib/ucr3fp\libc.a(lib_a-atexit.o)
 .debug_abbrev  0x00002aab      0x15f c:/program files (x86)/atmel/studio/7.0/toolchain/avr32/avr32-gnu-toolchain/bin/../lib/gcc/avr32/4.4.7/../../../../avr32/lib/ucr3fp\libc.a(lib_a-exit.o)
 .debug_abbrev  0x00002c0a      0x160 c:/program files (x86)/atmel/studio/7.0/toolchain/avr32/avr32-gnu-toolchain/bin/../lib/gcc/avr32/4.4.7/../../../../avr32/lib/ucr3fp\libc.a(lib_a-impure.o)
 .debug_abbrev  0x00002d6a      0x178 c:/program files (x86)/atmel/studio/7.0/toolchain/avr32/avr32-gnu-toolchain/bin/../lib/gcc/avr32/4.4.7/../../../../avr32/lib/ucr3fp\libc.a(lib_a-malloc.o)
 .debug_abbrev  0x00002ee2      0x205 c:/program files (x86)/atmel/studio/7.0/toolchain/avr32/avr32-gnu-toolchain/bin/../lib/gcc/avr32/4.4.7/../../../../avr32/lib/ucr3fp\libc.a(lib_a-mallocr.o)
 .debug_abbrev  0x000030e7       0x85 c:/program files (x86)/atmel/studio/7.0/toolchain/avr32/avr32-gnu-toolchain/bin/../lib/gcc/avr32/4.4.7/../../../../avr32/lib/ucr3fp\libc.a(lib_a-memset.o)
 .debug_abbrev  0x0000316c      0x17f c:/program files (x86)/atmel/studio/7.0/toolchain/avr32/avr32-gnu-toolchain/bin/../lib/gcc/avr32/4.4.7/../../../../avr32/lib/ucr3fp\libc.a(lib_a-sbrkr.o)
 .debug_abbrev  0x000032eb      0x19a c:/program files (x86)/atmel/studio/7.0/toolchain/avr32/avr32-gnu-toolchain/bin/../lib/gcc/avr32/4.4.7/../../../../avr32/lib/ucr3fp\libc.a(lib_a-syscalls.o)
 .debug_abbrev  0x00003485      0x1b5 c:/program files (x86)/atmel/studio/7.0/toolchain/avr32/avr32-gnu-toolchain/bin/../lib/gcc/avr32/4.4.7/../../../../avr32/lib/ucr3fp\libc.a(lib_a-__atexit.o)
 .debug_abbrev  0x0000363a      0x1bc c:/program files (x86)/atmel/studio/7.0/toolchain/avr32/avr32-gnu-toolchain/bin/../lib/gcc/avr32/4.4.7/../../../../avr32/lib/ucr3fp\libc.a(lib_a-__call_atexit.o)
 .debug_abbrev  0x000037f6      0x150 c:/program files (x86)/atmel/studio/7.0/toolchain/avr32/avr32-gnu-toolchain/bin/../lib/gcc/avr32/4.4.7/../../../../avr32/lib/ucr3fp\libc.a(lib_a-errno.o)
 .debug_abbrev  0x00003946      0x28c c:/program files (x86)/atmel/studio/7.0/toolchain/avr32/avr32-gnu-toolchain/bin/../lib/gcc/avr32/4.4.7/../../../../avr32/lib/ucr3fp\libc.a(lib_a-findfp.o)
 .debug_abbrev  0x00003bd2      0x1d9 c:/program files (x86)/atmel/studio/7.0/toolchain/avr32/avr32-gnu-toolchain/bin/../lib/gcc/avr32/4.4.7/../../../../avr32/lib/ucr3fp\libc.a(lib_a-freer.o)
 .debug_abbrev  0x00003dab      0x1e6 c:/program files (x86)/atmel/studio/7.0/toolchain/avr32/avr32-gnu-toolchain/bin/../lib/gcc/avr32/4.4.7/../../../../avr32/lib/ucr3fp\libc.a(lib_a-reent.o)

.debug_line     0x00000000    0x115a2
 *(.debug_line)
 .debug_line    0x00000000      0x814 src/ASF/avr32/boards/uc3c_ek/led.o
 .debug_line    0x00000814      0xc99 src/ASF/avr32/drivers/flashc/flashc.o
 .debug_line    0x000014ad      0x9d9 src/ASF/avr32/drivers/gpio/gpio.o
 .debug_line    0x00001e86      0x731 src/ASF/avr32/drivers/intc/intc.o
 .debug_line    0x000025b7      0x79b src/ASF/avr32/drivers/pm/pm_uc3c.o
 .debug_line    0x00002d52      0x812 src/ASF/avr32/drivers/pm/power_clocks_lib.o
 .debug_line    0x00003564      0xa7f src/ASF/avr32/drivers/scif/scif_uc3c.o
 .debug_line    0x00003fe3      0x9b5 src/ASF/avr32/drivers/usart/usart.o
 .debug_line    0x00004998       0x67 src/ASF/avr32/utils/startup/trampoline_uc3.o
 .debug_line    0x000049ff      0xac5 src/ASF/thirdparty/freertos/demo/avr32_uc3_example/main.o
 .debug_line    0x000054c4      0x8e3 src/ASF/thirdparty/freertos/demo/avr32_uc3_example/partest/ParTest.o
 .debug_line    0x00005da7      0xa0e src/ASF/thirdparty/freertos/demo/avr32_uc3_example/serial/serial.o
 .debug_line    0x000067b5      0x92a src/ASF/thirdparty/freertos/demo/common/minimal/BlockQ.o
 .debug_line    0x000070df      0x93d src/ASF/thirdparty/freertos/demo/common/minimal/comtest.o
 .debug_line    0x00007a1c      0x912 src/ASF/thirdparty/freertos/demo/common/minimal/death.o
 .debug_line    0x0000832e      0x98b src/ASF/thirdparty/freertos/demo/common/minimal/dynamic.o
 .debug_line    0x00008cb9      0x8d1 src/ASF/thirdparty/freertos/demo/common/minimal/flash.o
 .debug_line    0x0000958a      0x984 src/ASF/thirdparty/freertos/demo/common/minimal/flop.o
 .debug_line    0x00009f0e      0x8e4 src/ASF/thirdparty/freertos/demo/common/minimal/integer.o
 .debug_line    0x0000a7f2      0x91f src/ASF/thirdparty/freertos/demo/common/minimal/PollQ.o
 .debug_line    0x0000b111      0x922 src/ASF/thirdparty/freertos/demo/common/minimal/semtest.o
 .debug_line    0x0000ba33      0x8c6 src/ASF/thirdparty/freertos/freertos-7.0.0/source/list.o
 .debug_line    0x0000c2f9      0x10d src/ASF/thirdparty/freertos/freertos-7.0.0/source/portable/gcc/avr32_uc3/exception.o
 .debug_line    0x0000c406      0x994 src/ASF/thirdparty/freertos/freertos-7.0.0/source/portable/gcc/avr32_uc3/port.o
 .debug_line    0x0000cd9a      0x8ab src/ASF/thirdparty/freertos/freertos-7.0.0/source/portable/memmang/heap_3.o
 .debug_line    0x0000d645      0xa24 src/ASF/thirdparty/freertos/freertos-7.0.0/source/queue.o
 .debug_line    0x0000e069      0xbf6 src/ASF/thirdparty/freertos/freertos-7.0.0/source/tasks.o
 .debug_line    0x0000ec5f      0x128 c:/program files (x86)/atmel/studio/7.0/toolchain/avr32/avr32-gnu-toolchain/bin/../lib/gcc/avr32/4.4.7/../../../../avr32/lib/ucr3fp\libc.a(lib_a-atexit.o)
 .debug_line    0x0000ed87      0x24d c:/program files (x86)/atmel/studio/7.0/toolchain/avr32/avr32-gnu-toolchain/bin/../lib/gcc/avr32/4.4.7/../../../../avr32/lib/ucr3fp\libc.a(lib_a-exit.o)
 .debug_line    0x0000efd4      0x1a8 c:/program files (x86)/atmel/studio/7.0/toolchain/avr32/avr32-gnu-toolchain/bin/../lib/gcc/avr32/4.4.7/../../../../avr32/lib/ucr3fp\libc.a(lib_a-impure.o)
 .debug_line    0x0000f17c      0x255 c:/program files (x86)/atmel/studio/7.0/toolchain/avr32/avr32-gnu-toolchain/bin/../lib/gcc/avr32/4.4.7/../../../../avr32/lib/ucr3fp\libc.a(lib_a-malloc.o)
 .debug_line    0x0000f3d1      0x571 c:/program files (x86)/atmel/studio/7.0/toolchain/avr32/avr32-gnu-toolchain/bin/../lib/gcc/avr32/4.4.7/../../../../avr32/lib/ucr3fp\libc.a(lib_a-mallocr.o)
 .debug_line    0x0000f942      0x1be c:/program files (x86)/atmel/studio/7.0/toolchain/avr32/avr32-gnu-toolchain/bin/../lib/gcc/avr32/4.4.7/../../../../avr32/lib/ucr3fp\libc.a(lib_a-memset.o)
 .debug_line    0x0000fb00      0x258 c:/program files (x86)/atmel/studio/7.0/toolchain/avr32/avr32-gnu-toolchain/bin/../lib/gcc/avr32/4.4.7/../../../../avr32/lib/ucr3fp\libc.a(lib_a-sbrkr.o)
 .debug_line    0x0000fd58      0x58e c:/program files (x86)/atmel/studio/7.0/toolchain/avr32/avr32-gnu-toolchain/bin/../lib/gcc/avr32/4.4.7/../../../../avr32/lib/ucr3fp\libc.a(lib_a-syscalls.o)
 .debug_line    0x000102e6      0x263 c:/program files (x86)/atmel/studio/7.0/toolchain/avr32/avr32-gnu-toolchain/bin/../lib/gcc/avr32/4.4.7/../../../../avr32/lib/ucr3fp\libc.a(lib_a-__atexit.o)
 .debug_line    0x00010549      0x2a6 c:/program files (x86)/atmel/studio/7.0/toolchain/avr32/avr32-gnu-toolchain/bin/../lib/gcc/avr32/4.4.7/../../../../avr32/lib/ucr3fp\libc.a(lib_a-__call_atexit.o)
 .debug_line    0x000107ef      0x1ce c:/program files (x86)/atmel/studio/7.0/toolchain/avr32/avr32-gnu-toolchain/bin/../lib/gcc/avr32/4.4.7/../../../../avr32/lib/ucr3fp\libc.a(lib_a-errno.o)
 .debug_line    0x000109bd      0x5ad c:/program files (x86)/atmel/studio/7.0/toolchain/avr32/avr32-gnu-toolchain/bin/../lib/gcc/avr32/4.4.7/../../../../avr32/lib/ucr3fp\libc.a(lib_a-findfp.o)
 .debug_line    0x00010f6a      0x34c c:/program files (x86)/atmel/studio/7.0/toolchain/avr32/avr32-gnu-toolchain/bin/../lib/gcc/avr32/4.4.7/../../../../avr32/lib/ucr3fp\libc.a(lib_a-freer.o)
 .debug_line    0x000112b6      0x2ec c:/program files (x86)/atmel/studio/7.0/toolchain/avr32/avr32-gnu-toolchain/bin/../lib/gcc/avr32/4.4.7/../../../../avr32/lib/ucr3fp\libc.a(lib_a-reent.o)

.debug_frame    0x00000000     0x27a4
 *(.debug_frame)
 .debug_frame   0x00000000       0x4c c:/program files (x86)/atmel/studio/7.0/toolchain/avr32/avr32-gnu-toolchain/bin/../lib/gcc/avr32/4.4.7/ucr3fp/crtbegin.o
 .debug_frame   0x0000004c       0xfc src/ASF/avr32/boards/uc3c_ek/led.o
 .debug_frame   0x00000148      0x6c0 src/ASF/avr32/drivers/flashc/flashc.o
 .debug_frame   0x00000808      0x244 src/ASF/avr32/drivers/gpio/gpio.o
 .debug_frame   0x00000a4c       0x64 src/ASF/avr32/drivers/intc/intc.o
 .debug_frame   0x00000ab0       0x90 src/ASF/avr32/drivers/pm/pm_uc3c.o
 .debug_frame   0x00000b40       0xa4 src/ASF/avr32/drivers/pm/power_clocks_lib.o
 .debug_frame   0x00000be4      0x308 src/ASF/avr32/drivers/scif/scif_uc3c.o